<?xml version="1.0" encoding="utf-8"?>
<TestRun id="ef6afdea-473e-4b94-86f9-95c3a08331b3" name="david@CYBER-TOWER 2026-08-09 02:57:23" runUser="CYBER-TOWER\david" xmlns="http://microsoft.com/schemas/VisualStudio/TeamTest/2010">
  <Times creation="2026-08-09T02:57:23.0168317+02:00" queuing="2026-08-09T02:57:23.0168318+02:00" start="2026-08-09T02:57:21.9935146+02:00" finish="2026-08-09T02:57:23.5515360+02:00" />
  <TestSettings name="default" id="b096e2ec-98b0-4997-bb7c-365ce1e94aa8">
    <Deployment runDeploymentRoot="david_CYBER-TOWER_2026-08-09_02_57_23" />
  </TestSettings>
  <Results>
    <UnitTestResult executionId="816fb53c-acfc-4298-8bd8-2c1b2db9a41c" testId="1a302705-dd2c-8340-92fe-5fb2e49b7a2f" testName="SseInterrupted_IsTerminalAndCannotBeThrottled" computerName="CYBER-TOWER" duration="00:00:00.0040525" startTime="2026-08-09T02:57:22.7072625+02:00" endTime="2026-08-09T02:57:22.7115960+02:00" testType="13cdc9d9-ddb5-4fa4-a97d-d965ccfc6d4b" outcome="Passed" testListId="8c84fa94-04c1-424b-9868-57a2d4851a1d" relativeResultsDirectory="816fb53c-acfc-4298-8bd8-2c1b2db9a41c" />
    <UnitTestResult executionId="24d3f114-806d-4669-9c8c-466baaafd24d" testId="10faa58a-2ebe-8edb-8fd6-40e718b73675" testName="UnsafeKeyboardRemoval_DoesNotMutateTimeline" computerName="CYBER-TOWER" duration="00:00:00.0001572" startTime="2026-08-09T02:57:23.2499180+02:00" endTime="2026-08-09T02:57:23.2500900+02:00" testType="13cdc9d9-ddb5-4fa4-a97d-d965ccfc6d4b" outcome="Passed" testListId="8c84fa94-04c1-424b-9868-57a2d4851a1d" relativeResultsDirectory="24d3f114-806d-4669-9c8c-466baaafd24d" />
    <UnitTestResult executionId="83984587-a800-4a6a-bf3a-48dd54c0b9dc" testId="16dfb3b3-5cd7-8a8f-bb12-d8f1efe2e958" testName="BrainFeedback_ProjectResetRejectsLateResponse" computerName="CYBER-TOWER" duration="00:00:00.0010443" startTime="2026-08-09T02:57:23.0870049+02:00" endTime="2026-08-09T02:57:23.0880743+02:00" testType="13cdc9d9-ddb5-4fa4-a97d-d965ccfc6d4b" outcome="Passed" testListId="8c84fa94-04c1-424b-9868-57a2d4851a1d" relativeResultsDirectory="83984587-a800-4a6a-bf3a-48dd54c0b9dc" />
    <UnitTestResult executionId="0155b00f-94c7-43de-8619-d0bab97983aa" testId="12421b6e-6637-86ab-8c97-e30848487392" testName="RatingGate_IsSharedAcrossLearningAndBrainForSameCut" computerName="CYBER-TOWER" duration="00:00:00.0010202" startTime="2026-08-09T02:57:23.0570647+02:00" endTime="2026-08-09T02:57:23.0581037+02:00" testType="13cdc9d9-ddb5-4fa4-a97d-d965ccfc6d4b" outcome="Passed" testListId="8c84fa94-04c1-424b-9868-57a2d4851a1d" relativeResultsDirectory="0155b00f-94c7-43de-8619-d0bab97983aa" />
    <UnitTestResult executionId="fe16b008-8d8c-4962-83b5-f1ad8335ad37" testId="10b8feb4-1f1d-8699-ba84-4f6f72bdae3b" testName="RedirectResponse_IsReturnedWithoutFollowingSecondRequest" computerName="CYBER-TOWER" duration="00:00:00.0003954" startTime="2026-08-09T02:57:23.1800155+02:00" endTime="2026-08-09T02:57:23.1804255+02:00" testType="13cdc9d9-ddb5-4fa4-a97d-d965ccfc6d4b" outcome="Passed" testListId="8c84fa94-04c1-424b-9868-57a2d4851a1d" relativeResultsDirectory="fe16b008-8d8c-4962-83b5-f1ad8335ad37" />
    <UnitTestResult executionId="f413ad47-e20f-4aae-91c8-e63a95011cb8" testId="129c5b9e-a100-87ca-a9a9-9b3f2dbc67a4" testName="ProtectedRequest_UsesOneVerifiedHeader_WithoutDefaultHeader" computerName="CYBER-TOWER" duration="00:00:00.0038179" startTime="2026-08-09T02:57:23.1138759+02:00" endTime="2026-08-09T02:57:23.1177435+02:00" testType="13cdc9d9-ddb5-4fa4-a97d-d965ccfc6d4b" outcome="Passed" testListId="8c84fa94-04c1-424b-9868-57a2d4851a1d" relativeResultsDirectory="f413ad47-e20f-4aae-91c8-e63a95011cb8" />
    <UnitTestResult executionId="f53f59fb-bc8c-48c6-ac2c-758f73bfeb44" testId="159b432a-ce9d-8194-ade1-a156b5c8b926" testName="GpuCleanup_BackendFailureNeverReportsCompletion" computerName="CYBER-TOWER" duration="00:00:00.0009158" startTime="2026-08-09T02:57:23.2700036+02:00" endTime="2026-08-09T02:57:23.2709346+02:00" testType="13cdc9d9-ddb5-4fa4-a97d-d965ccfc6d4b" outcome="Passed" testListId="8c84fa94-04c1-424b-9868-57a2d4851a1d" relativeResultsDirectory="f53f59fb-bc8c-48c6-ac2c-758f73bfeb44" />
    <UnitTestResult executionId="3e52ed05-b974-49d4-9c82-7bc16379f99e" testId="1ca307a7-cbd5-866d-a5f0-a1eff7e24943" testName="ClearChatHistory_NonSuccessStatusReturnsFalse" computerName="CYBER-TOWER" duration="00:00:00.0025752" startTime="2026-08-09T02:57:22.7318068+02:00" endTime="2026-08-09T02:57:22.7344159+02:00" testType="13cdc9d9-ddb5-4fa4-a97d-d965ccfc6d4b" outcome="Passed" testListId="8c84fa94-04c1-424b-9868-57a2d4851a1d" relativeResultsDirectory="3e52ed05-b974-49d4-9c82-7bc16379f99e" />
    <UnitTestResult executionId="e5a76e60-ff83-4ba2-a3d5-18a9113ff392" testId="10702632-f2dd-8da0-adcc-7ec6f6e64520" testName="ChatClear_BackendFalsePreservesLocalMessages" computerName="CYBER-TOWER" duration="00:00:00.0014184" startTime="2026-08-09T02:57:23.2637206+02:00" endTime="2026-08-09T02:57:23.2651774+02:00" testType="13cdc9d9-ddb5-4fa4-a97d-d965ccfc6d4b" outcome="Passed" testListId="8c84fa94-04c1-424b-9868-57a2d4851a1d" relativeResultsDirectory="e5a76e60-ff83-4ba2-a3d5-18a9113ff392" />
    <UnitTestResult executionId="f338029a-e5bb-40d8-b978-d8c47d2e87a3" testId="1ff2f02d-70c0-853f-826f-4fe1d76c7c2e" testName="AudioBatch_RestartSkipsCompletedAndContinuesAfterFailure" computerName="CYBER-TOWER" duration="00:00:00.0326125" startTime="2026-08-09T02:57:22.6633589+02:00" endTime="2026-08-09T02:57:22.7050923+02:00" testType="13cdc9d9-ddb5-4fa4-a97d-d965ccfc6d4b" outcome="Passed" testListId="8c84fa94-04c1-424b-9868-57a2d4851a1d" relativeResultsDirectory="f338029a-e5bb-40d8-b978-d8c47d2e87a3" />
    <UnitTestResult executionId="79e427f6-0bc2-4b94-9013-ada9d6f4a8a2" testId="112339ba-999b-8a3c-9201-0682eb75c5d7" testName="SseEventId_IsCommittedOnlyAfterSuccessfulDispatch" computerName="CYBER-TOWER" duration="00:00:00.0028737" startTime="2026-08-09T02:57:22.7117358+02:00" endTime="2026-08-09T02:57:22.7146275+02:00" testType="13cdc9d9-ddb5-4fa4-a97d-d965ccfc6d4b" outcome="Passed" testListId="8c84fa94-04c1-424b-9868-57a2d4851a1d" relativeResultsDirectory="79e427f6-0bc2-4b94-9013-ada9d6f4a8a2" />
    <UnitTestResult executionId="b960b590-53d4-4bc1-bdc3-6e51c89d3bba" testId="129db6a5-e92e-8ef3-9898-15519adb2d60" testName="CanceledProtectedSend_ReleasesItsRequestLease" computerName="CYBER-TOWER" duration="00:00:00.0004087" startTime="2026-08-09T02:57:23.2398985+02:00" endTime="2026-08-09T02:57:23.2403313+02:00" testType="13cdc9d9-ddb5-4fa4-a97d-d965ccfc6d4b" outcome="Passed" testListId="8c84fa94-04c1-424b-9868-57a2d4851a1d" relativeResultsDirectory="b960b590-53d4-4bc1-bdc3-6e51c89d3bba" />
    <UnitTestResult executionId="ac03451b-1284-4f86-91e5-4af65ef22ded" testId="1576f124-bd47-852f-bb7d-8d010ead0861" testName="PortRebind_HealthAndProofAreHeaderless_ThenApiAndSseRemainDefaultHeaderFree" computerName="CYBER-TOWER" duration="00:00:00.0018741" startTime="2026-08-09T02:57:23.2403433+02:00" endTime="2026-08-09T02:57:23.2422336+02:00" testType="13cdc9d9-ddb5-4fa4-a97d-d965ccfc6d4b" outcome="Passed" testListId="8c84fa94-04c1-424b-9868-57a2d4851a1d" relativeResultsDirectory="ac03451b-1284-4f86-91e5-4af65ef22ded" />
    <UnitTestResult executionId="1132de89-3487-47f2-a6b4-e29b6c782ae1" testId="1ada28c6-f1e8-84c0-a31d-99f279d33662" testName="Save_AtomicallyPersistsAndVerifiesCurrentSettings" computerName="CYBER-TOWER" duration="00:00:00.0144817" startTime="2026-08-09T02:57:23.0982401+02:00" endTime="2026-08-09T02:57:23.1127388+02:00" testType="13cdc9d9-ddb5-4fa4-a97d-d965ccfc6d4b" outcome="Passed" testListId="8c84fa94-04c1-424b-9868-57a2d4851a1d" relativeResultsDirectory="1132de89-3487-47f2-a6b4-e29b6c782ae1" />
    <UnitTestResult executionId="a6605c52-d51b-4dd5-becf-ef4451c6c94b" testId="1db0fb98-c85e-8c77-8809-f1b1a39bea7a" testName="TimelineSync_ProjectTransitionRejectsLateError" computerName="CYBER-TOWER" duration="00:00:00.0041078" startTime="2026-08-09T02:57:23.0828680+02:00" endTime="2026-08-09T02:57:23.0869931+02:00" testType="13cdc9d9-ddb5-4fa4-a97d-d965ccfc6d4b" outcome="Passed" testListId="8c84fa94-04c1-424b-9868-57a2d4851a1d" relativeResultsDirectory="a6605c52-d51b-4dd5-becf-ef4451c6c94b" />
    <UnitTestResult executionId="c98d211e-f2cd-426b-a0aa-febab4dbf46c" testId="1c3c9f84-45ce-89ee-8692-412a1b8047b9" testName="Recommendation_ProjectSwitchRejectsOldProjectResult" computerName="CYBER-TOWER" duration="00:00:00.0627208" startTime="2026-08-09T02:57:23.3479544+02:00" endTime="2026-08-09T02:57:23.4107026+02:00" testType="13cdc9d9-ddb5-4fa4-a97d-d965ccfc6d4b" outcome="Passed" testListId="8c84fa94-04c1-424b-9868-57a2d4851a1d" relativeResultsDirectory="c98d211e-f2cd-426b-a0aa-febab4dbf46c" />
    <UnitTestResult executionId="7d887ba5-3d13-4af4-bcfd-278410bdaae5" testId="163d9787-0528-8e24-a957-1401922c4b8a" testName="SseDispose_DoesNotThrowForCancelledReconnectTask" computerName="CYBER-TOWER" duration="00:00:00.0164661" startTime="2026-08-09T02:57:22.7146386+02:00" endTime="2026-08-09T02:57:22.7317945+02:00" testType="13cdc9d9-ddb5-4fa4-a97d-d965ccfc6d4b" outcome="Passed" testListId="8c84fa94-04c1-424b-9868-57a2d4851a1d" relativeResultsDirectory="7d887ba5-3d13-4af4-bcfd-278410bdaae5" />
    <UnitTestResult executionId="7072c0e6-233d-4c28-ab98-3c6b54ad8a7e" testId="13491c1a-ffa6-85e1-87b1-534bb12c9974" testName="VideoClipInfo_PreservesPartialStageTruth" computerName="CYBER-TOWER" duration="00:00:00.0045271" startTime="2026-08-09T02:57:23.2589541+02:00" endTime="2026-08-09T02:57:23.2634997+02:00" testType="13cdc9d9-ddb5-4fa4-a97d-d965ccfc6d4b" outcome="Passed" testListId="8c84fa94-04c1-424b-9868-57a2d4851a1d" relativeResultsDirectory="7072c0e6-233d-4c28-ab98-3c6b54ad8a7e" />
    <UnitTestResult executionId="e2a2b526-f7d9-410d-90a9-5af7a83e8f37" testId="16f21dcd-f38b-852e-a24d-29dc52e3b8ce" testName="Load_MissingFileIsSuccessfulFirstStart" computerName="CYBER-TOWER" duration="00:00:00.0017887" startTime="2026-08-09T02:57:23.0880857+02:00" endTime="2026-08-09T02:57:23.0899154+02:00" testType="13cdc9d9-ddb5-4fa4-a97d-d965ccfc6d4b" outcome="Passed" testListId="8c84fa94-04c1-424b-9868-57a2d4851a1d" relativeResultsDirectory="e2a2b526-f7d9-410d-90a9-5af7a83e8f37" />
    <UnitTestResult executionId="fdccfb90-8b28-456f-a014-69f355e16410" testId="18443503-bf65-8539-8c27-73cbd912230e" testName="Load_MalformedJsonReturnsTypedFailureAndDefaults" computerName="CYBER-TOWER" duration="00:00:00.0082842" startTime="2026-08-09T02:57:23.0899271+02:00" endTime="2026-08-09T02:57:23.0982278+02:00" testType="13cdc9d9-ddb5-4fa4-a97d-d965ccfc6d4b" outcome="Passed" testListId="8c84fa94-04c1-424b-9868-57a2d4851a1d" relativeResultsDirectory="fdccfb90-8b28-456f-a014-69f355e16410" />
    <UnitTestResult executionId="1765566d-b2f9-4f5e-b9b0-a1e9a648b769" testId="176f9e49-6bb0-81eb-a163-69eb258bed09" testName="LearningSession_RatingGateAllowsOnlyOneFeedbackForCurrentCut" computerName="CYBER-TOWER" duration="00:00:00.0073282" startTime="2026-08-09T02:57:23.0470969+02:00" endTime="2026-08-09T02:57:23.0544449+02:00" testType="13cdc9d9-ddb5-4fa4-a97d-d965ccfc6d4b" outcome="Passed" testListId="8c84fa94-04c1-424b-9868-57a2d4851a1d" relativeResultsDirectory="1765566d-b2f9-4f5e-b9b0-a1e9a648b769" />
    <UnitTestResult executionId="d63fc95c-a56d-40a4-bdb9-b3af61f29a5b" testId="1e7225f8-8d08-841a-9b1e-a7e584982326" testName="ProjectSwitch_InvalidatesCapturedOperationContext" computerName="CYBER-TOWER" duration="00:00:00.0004509" startTime="2026-08-09T02:57:23.4124299+02:00" endTime="2026-08-09T02:57:23.4137956+02:00" testType="13cdc9d9-ddb5-4fa4-a97d-d965ccfc6d4b" outcome="Passed" testListId="8c84fa94-04c1-424b-9868-57a2d4851a1d" relativeResultsDirectory="d63fc95c-a56d-40a4-bdb9-b3af61f29a5b" />
    <UnitTestResult executionId="80898171-7cbb-4e38-8d4c-848c5c0f44b5" testId="1cb5ecd6-3199-89b1-9997-243c6c255d15" testName="DisposedClient_DoesNotReceiveFutureCapabilityMutation" computerName="CYBER-TOWER" duration="00:00:00.0000892" startTime="2026-08-09T02:57:23.2422467+02:00" endTime="2026-08-09T02:57:23.2423543+02:00" testType="13cdc9d9-ddb5-4fa4-a97d-d965ccfc6d4b" outcome="Passed" testListId="8c84fa94-04c1-424b-9868-57a2d4851a1d" relativeResultsDirectory="80898171-7cbb-4e38-8d4c-848c5c0f44b5" />
    <UnitTestResult executionId="8f0b362f-9af6-4d84-8e93-392a87f6c8ef" testId="11b6c3b2-a8d9-8eca-87d6-da6c3a9ba6fa" testName="CleanupGpu_DeserializesTypedNegativeResult" computerName="CYBER-TOWER" duration="00:00:00.0067494" startTime="2026-08-09T02:57:22.7349412+02:00" endTime="2026-08-09T02:57:22.7417056+02:00" testType="13cdc9d9-ddb5-4fa4-a97d-d965ccfc6d4b" outcome="Passed" testListId="8c84fa94-04c1-424b-9868-57a2d4851a1d" relativeResultsDirectory="8f0b362f-9af6-4d84-8e93-392a87f6c8ef" />
    <UnitTestResult executionId="bae159a3-57ec-43d1-ad44-5b35e47cc1fb" testId="19bcc3d4-434a-8ee4-9137-309bb2490b0f" testName="KeyboardNudge_ClampsAtAdjacentCutsAndPreservesDuration" computerName="CYBER-TOWER" duration="00:00:00.0008156" startTime="2026-08-09T02:57:23.2486979+02:00" endTime="2026-08-09T02:57:23.2495302+02:00" testType="13cdc9d9-ddb5-4fa4-a97d-d965ccfc6d4b" outcome="Passed" testListId="8c84fa94-04c1-424b-9868-57a2d4851a1d" relativeResultsDirectory="bae159a3-57ec-43d1-ad44-5b35e47cc1fb" />
    <UnitTestResult executionId="ce18f79d-98b4-4328-81dc-e8b30a585937" testId="137ffbe6-67d1-8855-adf6-db28164fc61c" testName="SingleVramAdapter_ProducesOneModelSnapshotWithoutShapeDrift" computerName="CYBER-TOWER" duration="00:00:00.0005388" startTime="2026-08-09T02:57:23.2571983+02:00" endTime="2026-08-09T02:57:23.2577521+02:00" testType="13cdc9d9-ddb5-4fa4-a97d-d965ccfc6d4b" outcome="Passed" testListId="8c84fa94-04c1-424b-9868-57a2d4851a1d" relativeResultsDirectory="ce18f79d-98b4-4328-81dc-e8b30a585937" />
    <UnitTestResult executionId="957b3517-08a2-45aa-a4ad-0e9a6b60e638" testId="1af2eabf-f496-83c7-9c2e-26a31ed74db9" testName="ProtectedShutdown_WaitsForRevalidationAndSendsOneCapability" computerName="CYBER-TOWER" duration="00:00:00.0594273" startTime="2026-08-09T02:57:23.1804393+02:00" endTime="2026-08-09T02:57:23.2398838+02:00" testType="13cdc9d9-ddb5-4fa4-a97d-d965ccfc6d4b" outcome="Passed" testListId="8c84fa94-04c1-424b-9868-57a2d4851a1d" relativeResultsDirectory="957b3517-08a2-45aa-a4ad-0e9a6b60e638" />
    <UnitTestResult executionId="1345c2c7-8861-41fa-bf71-d0ff25fbd74d" testId="1e7b904e-1df8-8ef5-accb-8734c6ceb696" testName="AudioAdapter_PreservesGeneratedPartialResultAndEvidence" computerName="CYBER-TOWER" duration="00:00:00.0036422" startTime="2026-08-09T02:57:23.2513879+02:00" endTime="2026-08-09T02:57:23.2550640+02:00" testType="13cdc9d9-ddb5-4fa4-a97d-d965ccfc6d4b" outcome="Passed" testListId="8c84fa94-04c1-424b-9868-57a2d4851a1d" relativeResultsDirectory="1345c2c7-8861-41fa-bf71-d0ff25fbd74d" />
    <UnitTestResult executionId="bcc8136f-85dd-427d-9c98-636f377e6cb5" testId="1092c592-39b4-82f8-a9fb-f180cc3abafa" testName="TimelinePreview_ForwardsCancellationToHttpRequest" computerName="CYBER-TOWER" duration="00:00:00.0036886" startTime="2026-08-09T02:57:22.7417169+02:00" endTime="2026-08-09T02:57:22.7465345+02:00" testType="13cdc9d9-ddb5-4fa4-a97d-d965ccfc6d4b" outcome="Passed" testListId="8c84fa94-04c1-424b-9868-57a2d4851a1d" relativeResultsDirectory="bcc8136f-85dd-427d-9c98-636f377e6cb5" />
    <UnitTestResult executionId="aba87eae-fb89-405c-8f4d-81ccc91126e5" testId="1889a283-8b09-8259-baa6-75b788ebec51" testName="ClearChatHistory_SuccessStatusReturnsTrue" computerName="CYBER-TOWER" duration="00:00:00.0004873" startTime="2026-08-09T02:57:22.7344276+02:00" endTime="2026-08-09T02:57:22.7349298+02:00" testType="13cdc9d9-ddb5-4fa4-a97d-d965ccfc6d4b" outcome="Passed" testListId="8c84fa94-04c1-424b-9868-57a2d4851a1d" relativeResultsDirectory="aba87eae-fb89-405c-8f4d-81ccc91126e5" />
    <UnitTestResult executionId="78f2c54a-b769-4b11-837b-221cf9828c5b" testId="16cce8db-499b-8ad9-8877-1fef604aa4a8" testName="ProjectSaveAndClose_NegativeResultsPreserveProject" computerName="CYBER-TOWER" duration="00:00:00.0016657" startTime="2026-08-09T02:57:23.4107317+02:00" endTime="2026-08-09T02:57:23.4124168+02:00" testType="13cdc9d9-ddb5-4fa4-a97d-d965ccfc6d4b" outcome="Passed" testListId="8c84fa94-04c1-424b-9868-57a2d4851a1d" relativeResultsDirectory="78f2c54a-b769-4b11-837b-221cf9828c5b" />
    <UnitTestResult executionId="be43ddbc-f8f3-4dbb-99a1-af46e855be02" testId="18910e25-23d0-8c81-ba52-e070a1217142" testName="AnchorWrites_DisableEditingUntilOrderedWriteCompletes" computerName="CYBER-TOWER" duration="00:00:00.0097243" startTime="2026-08-09T02:57:23.0373321+02:00" endTime="2026-08-09T02:57:23.0470841+02:00" testType="13cdc9d9-ddb5-4fa4-a97d-d965ccfc6d4b" outcome="Passed" testListId="8c84fa94-04c1-424b-9868-57a2d4851a1d" relativeResultsDirectory="be43ddbc-f8f3-4dbb-99a1-af46e855be02" />
    <UnitTestResult executionId="4738c8cc-d311-4371-91f6-b0594d495331" testId="1cc24067-99fd-8a8d-8c7e-2d1e1398f0b2" testName="AnchorLoad_ProjectSwitchRejectsPreviousGeneration" computerName="CYBER-TOWER" duration="00:00:00.0388052" startTime="2026-08-09T02:57:22.9984001+02:00" endTime="2026-08-09T02:57:23.0373153+02:00" testType="13cdc9d9-ddb5-4fa4-a97d-d965ccfc6d4b" outcome="Passed" testListId="8c84fa94-04c1-424b-9868-57a2d4851a1d" relativeResultsDirectory="4738c8cc-d311-4371-91f6-b0594d495331" />
    <UnitTestResult executionId="c16fb560-ccf9-4fee-b679-292303b18a58" testId="176f4b55-57bd-8c80-b546-52e355a2f3c3" testName="Save_WhenParentIsAFileReturnsWriteFailureWithoutFalseSuccess" computerName="CYBER-TOWER" duration="00:00:00.0010849" startTime="2026-08-09T02:57:23.1127510+02:00" endTime="2026-08-09T02:57:23.1138609+02:00" testType="13cdc9d9-ddb5-4fa4-a97d-d965ccfc6d4b" outcome="Passed" testListId="8c84fa94-04c1-424b-9868-57a2d4851a1d" relativeResultsDirectory="c16fb560-ccf9-4fee-b679-292303b18a58" />
    <UnitTestResult executionId="5608a324-f29a-4fea-8907-5c67b380c8a3" testId="19ab4099-d163-8c50-92c9-0619ffa46d6f" testName="PacingGeneration_ProjectTransitionRejectsLateError" computerName="CYBER-TOWER" duration="00:00:00.0055470" startTime="2026-08-09T02:57:23.0722723+02:00" endTime="2026-08-09T02:57:23.0778397+02:00" testType="13cdc9d9-ddb5-4fa4-a97d-d965ccfc6d4b" outcome="Passed" testListId="8c84fa94-04c1-424b-9868-57a2d4851a1d" relativeResultsDirectory="5608a324-f29a-4fea-8907-5c67b380c8a3" />
    <UnitTestResult executionId="884e16a5-6b8f-4ccf-bac4-6f39d5d32327" testId="171fc1bd-d16c-8f04-9423-ba3219dda602" testName="KeyboardTrim_RespectsSourcePreviousNextAndMinimumDuration" computerName="CYBER-TOWER" duration="00:00:00.0003532" startTime="2026-08-09T02:57:23.2495403+02:00" endTime="2026-08-09T02:57:23.2499082+02:00" testType="13cdc9d9-ddb5-4fa4-a97d-d965ccfc6d4b" outcome="Passed" testListId="8c84fa94-04c1-424b-9868-57a2d4851a1d" relativeResultsDirectory="884e16a5-6b8f-4ccf-bac4-6f39d5d32327" />
    <UnitTestResult executionId="ca2f7bce-d3dd-4657-a39b-37eb8178e2b1" testId="13ed44d5-0b1e-8979-896b-ec6342ee2db1" testName="VideoAnalysis_ProjectTransitionRejectsLateError" computerName="CYBER-TOWER" duration="00:00:00.0049759" startTime="2026-08-09T02:57:23.0778535+02:00" endTime="2026-08-09T02:57:23.0828560+02:00" testType="13cdc9d9-ddb5-4fa4-a97d-d965ccfc6d4b" outcome="Passed" testListId="8c84fa94-04c1-424b-9868-57a2d4851a1d" relativeResultsDirectory="ca2f7bce-d3dd-4657-a39b-37eb8178e2b1" />
    <UnitTestResult executionId="d05cf74c-4801-47c3-aae0-eec35fde6a93" testId="1bf592ee-a015-81d6-aa92-c566798b88cd" testName="SortEntriesByTime_PreservesSelectedEntryIdentity" computerName="CYBER-TOWER" duration="00:00:00.0012606" startTime="2026-08-09T02:57:23.2500991+02:00" endTime="2026-08-09T02:57:23.2513778+02:00" testType="13cdc9d9-ddb5-4fa4-a97d-d965ccfc6d4b" outcome="Passed" testListId="8c84fa94-04c1-424b-9868-57a2d4851a1d" relativeResultsDirectory="d05cf74c-4801-47c3-aae0-eec35fde6a93" />
    <UnitTestResult executionId="36387700-9c98-40fa-a02f-c5653d4d1785" testId="1ce71580-4928-898c-b987-40cd82e9e022" testName="LearningDialog_SeeksBothPlayersAndEnforcesCutEnd" computerName="CYBER-TOWER" duration="00:00:00.0101580" startTime="2026-08-09T02:57:23.0591825+02:00" endTime="2026-08-09T02:57:23.0693667+02:00" testType="13cdc9d9-ddb5-4fa4-a97d-d965ccfc6d4b" outcome="Passed" testListId="8c84fa94-04c1-424b-9868-57a2d4851a1d" relativeResultsDirectory="36387700-9c98-40fa-a02f-c5653d4d1785" />
    <UnitTestResult executionId="70f68272-3220-4ccf-b589-6f024a3b2b65" testId="144c1203-7f4c-812c-8221-c24240cd374d" testName="AudioAnalysis_ProjectTransitionRejectsLateError" computerName="CYBER-TOWER" duration="00:00:00.0024973" startTime="2026-08-09T02:57:23.0693778+02:00" endTime="2026-08-09T02:57:23.0719204+02:00" testType="13cdc9d9-ddb5-4fa4-a97d-d965ccfc6d4b" outcome="Passed" testListId="8c84fa94-04c1-424b-9868-57a2d4851a1d" relativeResultsDirectory="70f68272-3220-4ccf-b589-6f024a3b2b65" />
    <UnitTestResult executionId="ef12c33d-3c48-460f-b2b3-83cdae66bcb4" testId="1a78dc13-c09d-8a33-9498-a24acd37f9ee" testName="SettingsSaveFailure_NeverReportsSuccess" computerName="CYBER-TOWER" duration="00:00:00.0014500" startTime="2026-08-09T02:57:23.2685115+02:00" endTime="2026-08-09T02:57:23.2699819+02:00" testType="13cdc9d9-ddb5-4fa4-a97d-d965ccfc6d4b" outcome="Passed" testListId="8c84fa94-04c1-424b-9868-57a2d4851a1d" relativeResultsDirectory="ef12c33d-3c48-460f-b2b3-83cdae66bcb4" />
    <UnitTestResult executionId="d54b5b3b-7b4d-4d19-b2ae-2d5806704677" testId="146b3c6a-d74b-8add-b2a1-51070661d9f2" testName="SettingsLoadFailure_IsImmediatelyVisibleToViewModel" computerName="CYBER-TOWER" duration="00:00:00.0028655" startTime="2026-08-09T02:57:23.2656086+02:00" endTime="2026-08-09T02:57:23.2684887+02:00" testType="13cdc9d9-ddb5-4fa4-a97d-d965ccfc6d4b" outcome="Passed" testListId="8c84fa94-04c1-424b-9868-57a2d4851a1d" relativeResultsDirectory="d54b5b3b-7b4d-4d19-b2ae-2d5806704677" />
    <UnitTestResult executionId="3a1b1e36-33af-4c55-b384-e6cc22e05402" testId="10d8f015-126c-823c-8144-27f41f7cadba" testName="FailedProof_RejectsProtectedRequestWithoutSendingHeader" computerName="CYBER-TOWER" duration="00:00:00.0003800" startTime="2026-08-09T02:57:23.1787050+02:00" endTime="2026-08-09T02:57:23.1791027+02:00" testType="13cdc9d9-ddb5-4fa4-a97d-d965ccfc6d4b" outcome="Passed" testListId="8c84fa94-04c1-424b-9868-57a2d4851a1d" relativeResultsDirectory="3a1b1e36-33af-4c55-b384-e6cc22e05402" />
    <UnitTestResult executionId="50286a4e-67ab-4749-834a-e7f2f76847d1" testId="13131d9b-ab8b-8c9a-a71c-e3322737c720" testName="SpectralAdapter_PreservesEveryGeneratedField" computerName="CYBER-TOWER" duration="00:00:00.0020971" startTime="2026-08-09T02:57:23.2550751+02:00" endTime="2026-08-09T02:57:23.2571872+02:00" testType="13cdc9d9-ddb5-4fa4-a97d-d965ccfc6d4b" outcome="Passed" testListId="8c84fa94-04c1-424b-9868-57a2d4851a1d" relativeResultsDirectory="50286a4e-67ab-4749-834a-e7f2f76847d1" />
    <UnitTestResult executionId="1b78f434-ef04-4005-9eec-e8cd5a226caa" testId="10322c7a-66b0-8a9d-83ce-32f8fd64d853" testName="Brain_RatingGateAllowsOnlyOneFeedbackForSelectedCut" computerName="CYBER-TOWER" duration="00:00:00.0025629" startTime="2026-08-09T02:57:23.0544639+02:00" endTime="2026-08-09T02:57:23.0570478+02:00" testType="13cdc9d9-ddb5-4fa4-a97d-d965ccfc6d4b" outcome="Passed" testListId="8c84fa94-04c1-424b-9868-57a2d4851a1d" relativeResultsDirectory="1b78f434-ef04-4005-9eec-e8cd5a226caa" />
    <UnitTestResult executionId="4f2b92c2-6ca5-4d6d-b8e5-94d0b2914d74" testId="1619daf6-4d89-8b8b-b69a-b2b2e66ccaa1" testName="UntrustedOrUnresolvedTarget_FailsClosedWithoutSendingCapability" computerName="CYBER-TOWER" duration="00:00:00.0008709" startTime="2026-08-09T02:57:23.1791131+02:00" endTime="2026-08-09T02:57:23.1799993+02:00" testType="13cdc9d9-ddb5-4fa4-a97d-d965ccfc6d4b" outcome="Passed" testListId="8c84fa94-04c1-424b-9868-57a2d4851a1d" relativeResultsDirectory="4f2b92c2-6ca5-4d6d-b8e5-94d0b2914d74" />
    <UnitTestResult executionId="47191bc0-8a71-406b-95d2-c1c0341459d9" testId="1e847777-d735-8eba-813f-3a1042c11793" testName="LearningPlayback_PublishesCutBoundsAndCompletionState" computerName="CYBER-TOWER" duration="00:00:00.0010235" startTime="2026-08-09T02:57:23.0581250+02:00" endTime="2026-08-09T02:57:23.0591716+02:00" testType="13cdc9d9-ddb5-4fa4-a97d-d965ccfc6d4b" outcome="Passed" testListId="8c84fa94-04c1-424b-9868-57a2d4851a1d" relativeResultsDirectory="47191bc0-8a71-406b-95d2-c1c0341459d9" />
    <UnitTestResult executionId="4a02ec4a-9e5b-476d-a2db-6d85887df5c9" testId="161fa28a-9149-8f48-8d0e-034dd26869ba" testName="Recommendation_LateOlderModeCannotReplaceCurrentMode" computerName="CYBER-TOWER" duration="00:00:00.0769338" startTime="2026-08-09T02:57:23.2709562+02:00" endTime="2026-08-09T02:57:23.3479154+02:00" testType="13cdc9d9-ddb5-4fa4-a97d-d965ccfc6d4b" outcome="Passed" testListId="8c84fa94-04c1-424b-9868-57a2d4851a1d" relativeResultsDirectory="4a02ec4a-9e5b-476d-a2db-6d85887df5c9" />
    <UnitTestResult executionId="077af4d5-c6f6-4629-8521-c4e8715c92ff" testId="1ef48d92-6ac1-89e4-be48-80d969beb0c1" testName="SendDuringRevalidation_WaitsThenSendsOnceAfterVerification" computerName="CYBER-TOWER" duration="00:00:00.0606506" startTime="2026-08-09T02:57:23.1180195+02:00" endTime="2026-08-09T02:57:23.1786920+02:00" testType="13cdc9d9-ddb5-4fa4-a97d-d965ccfc6d4b" outcome="Passed" testListId="8c84fa94-04c1-424b-9868-57a2d4851a1d" relativeResultsDirectory="077af4d5-c6f6-4629-8521-c4e8715c92ff" />
    <UnitTestResult executionId="92a761b8-9596-47db-b41d-8fc3b7c0ba09" testId="1c07e79d-2f02-82ef-83d6-964f11b01e05" testName="TemplateReapply_ReparentsExistingPresentersExactlyOnce" computerName="CYBER-TOWER" duration="00:00:00.2248972" startTime="2026-08-09T02:57:22.7465495+02:00" endTime="2026-08-09T02:57:22.9714943+02:00" testType="13cdc9d9-ddb5-4fa4-a97d-d965ccfc6d4b" outcome="Passed" testListId="8c84fa94-04c1-424b-9868-57a2d4851a1d" relativeResultsDirectory="92a761b8-9596-47db-b41d-8fc3b7c0ba09" />
    <UnitTestResult executionId="717be83e-ec65-4859-bb8d-678e7850f79c" testId="1e9b7ca6-40ab-8bc5-9ca0-a99118e22657" testName="KeyboardSelectionAndScrub_UseTimelineOrderAndClampBounds" computerName="CYBER-TOWER" duration="00:00:00.0060523" startTime="2026-08-09T02:57:23.2423694+02:00" endTime="2026-08-09T02:57:23.2484547+02:00" testType="13cdc9d9-ddb5-4fa4-a97d-d965ccfc6d4b" outcome="Passed" testListId="8c84fa94-04c1-424b-9868-57a2d4851a1d" relativeResultsDirectory="717be83e-ec65-4859-bb8d-678e7850f79c" />
    <UnitTestResult executionId="eaf4aa3d-1dc0-4608-9e6a-345bfbbb0fc0" testId="1699e4fb-0790-80a8-a7f0-237d51f0ec22" testName="ChatClear_BackendTrueReplacesHistoryWithFreshWelcome" computerName="CYBER-TOWER" duration="00:00:00.0003902" startTime="2026-08-09T02:57:23.2651924+02:00" endTime="2026-08-09T02:57:23.2655973+02:00" testType="13cdc9d9-ddb5-4fa4-a97d-d965ccfc6d4b" outcome="Passed" testListId="8c84fa94-04c1-424b-9868-57a2d4851a1d" relativeResultsDirectory="eaf4aa3d-1dc0-4608-9e6a-345bfbbb0fc0" />
    <UnitTestResult executionId="5b771380-02ac-4498-9f22-f12e61f6e59f" testId="1e0b4879-8097-8fd8-90ab-1b65cf703528" testName="ResultDtos_DeserializeNegativeBackendTruth" computerName="CYBER-TOWER" duration="00:00:00.0011595" startTime="2026-08-09T02:57:23.2577665+02:00" endTime="2026-08-09T02:57:23.2589434+02:00" testType="13cdc9d9-ddb5-4fa4-a97d-d965ccfc6d4b" outcome="Passed" testListId="8c84fa94-04c1-424b-9868-57a2d4851a1d" relativeResultsDirectory="5b771380-02ac-4498-9f22-f12e61f6e59f" />
    <UnitTestResult executionId="c082e33a-c60f-4160-bf23-f55a3f007be1" testId="1df6034f-075e-87e6-a427-99dbc9c7e266" testName="RepeatedTemplateReapply_PreservesContentIdentity" computerName="CYBER-TOWER" duration="00:00:00.0209494" startTime="2026-08-09T02:57:22.9773906+02:00" endTime="2026-08-09T02:57:22.9983827+02:00" testType="13cdc9d9-ddb5-4fa4-a97d-d965ccfc6d4b" outcome="Passed" testListId="8c84fa94-04c1-424b-9868-57a2d4851a1d" relativeResultsDirectory="c082e33a-c60f-4160-bf23-f55a3f007be1" />
  </Results>
  <TestDefinitions>
    <UnitTest name="SingleVramAdapter_ProducesOneModelSnapshotWithoutShapeDrift" storage="c:\users\david\documents\pb_studio_amd_version\pbstudio.ui.tests\bin\release\net9.0-windows\pbstudio.ui.tests.dll" id="137ffbe6-67d1-8855-adf6-db28164fc61c">
      <Execution id="ce18f79d-98b4-4328-81dc-e8b30a585937" />
      <TestMethod codeBase="C:\Users\david\Documents\Pb_studio_AMD_version\PBStudio.UI.Tests\bin\Release\net9.0-windows\PBStudio.UI.Tests.dll" adapterTypeName="executor://mstestadapter/v4" className="PBStudio.UI.Tests.TransportContractTests" name="SingleVramAdapter_ProducesOneModelSnapshotWithoutShapeDrift" />
    </UnitTest>
    <UnitTest name="LearningPlayback_PublishesCutBoundsAndCompletionState" storage="c:\users\david\documents\pb_studio_amd_version\pbstudio.ui.tests\bin\release\net9.0-windows\pbstudio.ui.tests.dll" id="1e847777-d735-8eba-813f-3a1042c11793">
      <Execution id="47191bc0-8a71-406b-95d2-c1c0341459d9" />
      <TestMethod codeBase="C:\Users\david\Documents\Pb_studio_AMD_version\PBStudio.UI.Tests\bin\Release\net9.0-windows\PBStudio.UI.Tests.dll" adapterTypeName="executor://mstestadapter/v4" className="PBStudio.UI.Tests.Obj73UiRegressionTests" name="LearningPlayback_PublishesCutBoundsAndCompletionState" />
    </UnitTest>
    <UnitTest name="ProtectedRequest_UsesOneVerifiedHeader_WithoutDefaultHeader" storage="c:\users\david\documents\pb_studio_amd_version\pbstudio.ui.tests\bin\release\net9.0-windows\pbstudio.ui.tests.dll" id="129c5b9e-a100-87ca-a9a9-9b3f2dbc67a4">
      <Execution id="f413ad47-e20f-4aae-91c8-e63a95011cb8" />
      <TestMethod codeBase="C:\Users\david\Documents\Pb_studio_AMD_version\PBStudio.UI.Tests\bin\Release\net9.0-windows\PBStudio.UI.Tests.dll" adapterTypeName="executor://mstestadapter/v4" className="PBStudio.UI.Tests.T413OwnerProofTransportTests" name="ProtectedRequest_UsesOneVerifiedHeader_WithoutDefaultHeader" />
    </UnitTest>
    <UnitTest name="AudioBatch_RestartSkipsCompletedAndContinuesAfterFailure" storage="c:\users\david\documents\pb_studio_amd_version\pbstudio.ui.tests\bin\release\net9.0-windows\pbstudio.ui.tests.dll" id="1ff2f02d-70c0-853f-826f-4fe1d76c7c2e">
      <Execution id="f338029a-e5bb-40d8-b978-d8c47d2e87a3" />
      <TestMethod codeBase="C:\Users\david\Documents\Pb_studio_AMD_version\PBStudio.UI.Tests\bin\Release\net9.0-windows\PBStudio.UI.Tests.dll" adapterTypeName="executor://mstestadapter/v4" className="PBStudio.UI.Tests.AnalysisResumeContractTests" name="AudioBatch_RestartSkipsCompletedAndContinuesAfterFailure" />
    </UnitTest>
    <UnitTest name="VideoAnalysis_ProjectTransitionRejectsLateError" storage="c:\users\david\documents\pb_studio_amd_version\pbstudio.ui.tests\bin\release\net9.0-windows\pbstudio.ui.tests.dll" id="13ed44d5-0b1e-8979-896b-ec6342ee2db1">
      <Execution id="ca2f7bce-d3dd-4657-a39b-37eb8178e2b1" />
      <TestMethod codeBase="C:\Users\david\Documents\Pb_studio_AMD_version\PBStudio.UI.Tests\bin\Release\net9.0-windows\PBStudio.UI.Tests.dll" adapterTypeName="executor://mstestadapter/v4" className="PBStudio.UI.Tests.ProjectSwitchUiPublicationTests" name="VideoAnalysis_ProjectTransitionRejectsLateError" />
    </UnitTest>
    <UnitTest name="LearningSession_RatingGateAllowsOnlyOneFeedbackForCurrentCut" storage="c:\users\david\documents\pb_studio_amd_version\pbstudio.ui.tests\bin\release\net9.0-windows\pbstudio.ui.tests.dll" id="176f9e49-6bb0-81eb-a163-69eb258bed09">
      <Execution id="1765566d-b2f9-4f5e-b9b0-a1e9a648b769" />
      <TestMethod codeBase="C:\Users\david\Documents\Pb_studio_AMD_version\PBStudio.UI.Tests\bin\Release\net9.0-windows\PBStudio.UI.Tests.dll" adapterTypeName="executor://mstestadapter/v4" className="PBStudio.UI.Tests.Obj73UiRegressionTests" name="LearningSession_RatingGateAllowsOnlyOneFeedbackForCurrentCut" />
    </UnitTest>
    <UnitTest name="SpectralAdapter_PreservesEveryGeneratedField" storage="c:\users\david\documents\pb_studio_amd_version\pbstudio.ui.tests\bin\release\net9.0-windows\pbstudio.ui.tests.dll" id="13131d9b-ab8b-8c9a-a71c-e3322737c720">
      <Execution id="50286a4e-67ab-4749-834a-e7f2f76847d1" />
      <TestMethod codeBase="C:\Users\david\Documents\Pb_studio_AMD_version\PBStudio.UI.Tests\bin\Release\net9.0-windows\PBStudio.UI.Tests.dll" adapterTypeName="executor://mstestadapter/v4" className="PBStudio.UI.Tests.TransportContractTests" name="SpectralAdapter_PreservesEveryGeneratedField" />
    </UnitTest>
    <UnitTest name="SortEntriesByTime_PreservesSelectedEntryIdentity" storage="c:\users\david\documents\pb_studio_amd_version\pbstudio.ui.tests\bin\release\net9.0-windows\pbstudio.ui.tests.dll" id="1bf592ee-a015-81d6-aa92-c566798b88cd">
      <Execution id="d05cf74c-4801-47c3-aae0-eec35fde6a93" />
      <TestMethod codeBase="C:\Users\david\Documents\Pb_studio_AMD_version\PBStudio.UI.Tests\bin\Release\net9.0-windows\PBStudio.UI.Tests.dll" adapterTypeName="executor://mstestadapter/v4" className="PBStudio.UI.Tests.TimelineViewModelTests" name="SortEntriesByTime_PreservesSelectedEntryIdentity" />
    </UnitTest>
    <UnitTest name="ProtectedShutdown_WaitsForRevalidationAndSendsOneCapability" storage="c:\users\david\documents\pb_studio_amd_version\pbstudio.ui.tests\bin\release\net9.0-windows\pbstudio.ui.tests.dll" id="1af2eabf-f496-83c7-9c2e-26a31ed74db9">
      <Execution id="957b3517-08a2-45aa-a4ad-0e9a6b60e638" />
      <TestMethod codeBase="C:\Users\david\Documents\Pb_studio_AMD_version\PBStudio.UI.Tests\bin\Release\net9.0-windows\PBStudio.UI.Tests.dll" adapterTypeName="executor://mstestadapter/v4" className="PBStudio.UI.Tests.T413OwnerProofTransportTests" name="ProtectedShutdown_WaitsForRevalidationAndSendsOneCapability" />
    </UnitTest>
    <UnitTest name="UnsafeKeyboardRemoval_DoesNotMutateTimeline" storage="c:\users\david\documents\pb_studio_amd_version\pbstudio.ui.tests\bin\release\net9.0-windows\pbstudio.ui.tests.dll" id="10faa58a-2ebe-8edb-8fd6-40e718b73675">
      <Execution id="24d3f114-806d-4669-9c8c-466baaafd24d" />
      <TestMethod codeBase="C:\Users\david\Documents\Pb_studio_AMD_version\PBStudio.UI.Tests\bin\Release\net9.0-windows\PBStudio.UI.Tests.dll" adapterTypeName="executor://mstestadapter/v4" className="PBStudio.UI.Tests.TimelineViewModelTests" name="UnsafeKeyboardRemoval_DoesNotMutateTimeline" />
    </UnitTest>
    <UnitTest name="GpuCleanup_BackendFailureNeverReportsCompletion" storage="c:\users\david\documents\pb_studio_amd_version\pbstudio.ui.tests\bin\release\net9.0-windows\pbstudio.ui.tests.dll" id="159b432a-ce9d-8194-ade1-a156b5c8b926">
      <Execution id="f53f59fb-bc8c-48c6-ac2c-758f73bfeb44" />
      <TestMethod codeBase="C:\Users\david\Documents\Pb_studio_AMD_version\PBStudio.UI.Tests\bin\Release\net9.0-windows\PBStudio.UI.Tests.dll" adapterTypeName="executor://mstestadapter/v4" className="PBStudio.UI.Tests.ViewModelAndProjectServiceTests" name="GpuCleanup_BackendFailureNeverReportsCompletion" />
    </UnitTest>
    <UnitTest name="FailedProof_RejectsProtectedRequestWithoutSendingHeader" storage="c:\users\david\documents\pb_studio_amd_version\pbstudio.ui.tests\bin\release\net9.0-windows\pbstudio.ui.tests.dll" id="10d8f015-126c-823c-8144-27f41f7cadba">
      <Execution id="3a1b1e36-33af-4c55-b384-e6cc22e05402" />
      <TestMethod codeBase="C:\Users\david\Documents\Pb_studio_AMD_version\PBStudio.UI.Tests\bin\Release\net9.0-windows\PBStudio.UI.Tests.dll" adapterTypeName="executor://mstestadapter/v4" className="PBStudio.UI.Tests.T413OwnerProofTransportTests" name="FailedProof_RejectsProtectedRequestWithoutSendingHeader" />
    </UnitTest>
    <UnitTest name="DisposedClient_DoesNotReceiveFutureCapabilityMutation" storage="c:\users\david\documents\pb_studio_amd_version\pbstudio.ui.tests\bin\release\net9.0-windows\pbstudio.ui.tests.dll" id="1cb5ecd6-3199-89b1-9997-243c6c255d15">
      <Execution id="80898171-7cbb-4e38-8d4c-848c5c0f44b5" />
      <TestMethod codeBase="C:\Users\david\Documents\Pb_studio_AMD_version\PBStudio.UI.Tests\bin\Release\net9.0-windows\PBStudio.UI.Tests.dll" adapterTypeName="executor://mstestadapter/v4" className="PBStudio.UI.Tests.T413OwnerProofTransportTests" name="DisposedClient_DoesNotReceiveFutureCapabilityMutation" />
    </UnitTest>
    <UnitTest name="Recommendation_LateOlderModeCannotReplaceCurrentMode" storage="c:\users\david\documents\pb_studio_amd_version\pbstudio.ui.tests\bin\release\net9.0-windows\pbstudio.ui.tests.dll" id="161fa28a-9149-8f48-8d0e-034dd26869ba">
      <Execution id="4a02ec4a-9e5b-476d-a2db-6d85887df5c9" />
      <TestMethod codeBase="C:\Users\david\Documents\Pb_studio_AMD_version\PBStudio.UI.Tests\bin\Release\net9.0-windows\PBStudio.UI.Tests.dll" adapterTypeName="executor://mstestadapter/v4" className="PBStudio.UI.Tests.ViewModelAndProjectServiceTests" name="Recommendation_LateOlderModeCannotReplaceCurrentMode" />
    </UnitTest>
    <UnitTest name="AnchorLoad_ProjectSwitchRejectsPreviousGeneration" storage="c:\users\david\documents\pb_studio_amd_version\pbstudio.ui.tests\bin\release\net9.0-windows\pbstudio.ui.tests.dll" id="1cc24067-99fd-8a8d-8c7e-2d1e1398f0b2">
      <Execution id="4738c8cc-d311-4371-91f6-b0594d495331" />
      <TestMethod codeBase="C:\Users\david\Documents\Pb_studio_AMD_version\PBStudio.UI.Tests\bin\Release\net9.0-windows\PBStudio.UI.Tests.dll" adapterTypeName="executor://mstestadapter/v4" className="PBStudio.UI.Tests.Obj73UiRegressionTests" name="AnchorLoad_ProjectSwitchRejectsPreviousGeneration" />
    </UnitTest>
    <UnitTest name="CleanupGpu_DeserializesTypedNegativeResult" storage="c:\users\david\documents\pb_studio_amd_version\pbstudio.ui.tests\bin\release\net9.0-windows\pbstudio.ui.tests.dll" id="11b6c3b2-a8d9-8eca-87d6-da6c3a9ba6fa">
      <Execution id="8f0b362f-9af6-4d84-8e93-392a87f6c8ef" />
      <TestMethod codeBase="C:\Users\david\Documents\Pb_studio_AMD_version\PBStudio.UI.Tests\bin\Release\net9.0-windows\PBStudio.UI.Tests.dll" adapterTypeName="executor://mstestadapter/v4" className="PBStudio.UI.Tests.ApiClientContractTests" name="CleanupGpu_DeserializesTypedNegativeResult" />
    </UnitTest>
    <UnitTest name="Save_WhenParentIsAFileReturnsWriteFailureWithoutFalseSuccess" storage="c:\users\david\documents\pb_studio_amd_version\pbstudio.ui.tests\bin\release\net9.0-windows\pbstudio.ui.tests.dll" id="176f4b55-57bd-8c80-b546-52e355a2f3c3">
      <Execution id="c16fb560-ccf9-4fee-b679-292303b18a58" />
      <TestMethod codeBase="C:\Users\david\Documents\Pb_studio_AMD_version\PBStudio.UI.Tests\bin\Release\net9.0-windows\PBStudio.UI.Tests.dll" adapterTypeName="executor://mstestadapter/v4" className="PBStudio.UI.Tests.SettingsServiceTests" name="Save_WhenParentIsAFileReturnsWriteFailureWithoutFalseSuccess" />
    </UnitTest>
    <UnitTest name="TimelineSync_ProjectTransitionRejectsLateError" storage="c:\users\david\documents\pb_studio_amd_version\pbstudio.ui.tests\bin\release\net9.0-windows\pbstudio.ui.tests.dll" id="1db0fb98-c85e-8c77-8809-f1b1a39bea7a">
      <Execution id="a6605c52-d51b-4dd5-becf-ef4451c6c94b" />
      <TestMethod codeBase="C:\Users\david\Documents\Pb_studio_AMD_version\PBStudio.UI.Tests\bin\Release\net9.0-windows\PBStudio.UI.Tests.dll" adapterTypeName="executor://mstestadapter/v4" className="PBStudio.UI.Tests.ProjectSwitchUiPublicationTests" name="TimelineSync_ProjectTransitionRejectsLateError" />
    </UnitTest>
    <UnitTest name="SseInterrupted_IsTerminalAndCannotBeThrottled" storage="c:\users\david\documents\pb_studio_amd_version\pbstudio.ui.tests\bin\release\net9.0-windows\pbstudio.ui.tests.dll" id="1a302705-dd2c-8340-92fe-5fb2e49b7a2f">
      <Execution id="816fb53c-acfc-4298-8bd8-2c1b2db9a41c" />
      <TestMethod codeBase="C:\Users\david\Documents\Pb_studio_AMD_version\PBStudio.UI.Tests\bin\Release\net9.0-windows\PBStudio.UI.Tests.dll" adapterTypeName="executor://mstestadapter/v4" className="PBStudio.UI.Tests.AnalysisResumeContractTests" name="SseInterrupted_IsTerminalAndCannotBeThrottled" />
    </UnitTest>
    <UnitTest name="TimelinePreview_ForwardsCancellationToHttpRequest" storage="c:\users\david\documents\pb_studio_amd_version\pbstudio.ui.tests\bin\release\net9.0-windows\pbstudio.ui.tests.dll" id="1092c592-39b4-82f8-a9fb-f180cc3abafa">
      <Execution id="bcc8136f-85dd-427d-9c98-636f377e6cb5" />
      <TestMethod codeBase="C:\Users\david\Documents\Pb_studio_AMD_version\PBStudio.UI.Tests\bin\Release\net9.0-windows\PBStudio.UI.Tests.dll" adapterTypeName="executor://mstestadapter/v4" className="PBStudio.UI.Tests.ApiClientContractTests" name="TimelinePreview_ForwardsCancellationToHttpRequest" />
    </UnitTest>
    <UnitTest name="BrainFeedback_ProjectResetRejectsLateResponse" storage="c:\users\david\documents\pb_studio_amd_version\pbstudio.ui.tests\bin\release\net9.0-windows\pbstudio.ui.tests.dll" id="16dfb3b3-5cd7-8a8f-bb12-d8f1efe2e958">
      <Execution id="83984587-a800-4a6a-bf3a-48dd54c0b9dc" />
      <TestMethod codeBase="C:\Users\david\Documents\Pb_studio_AMD_version\PBStudio.UI.Tests\bin\Release\net9.0-windows\PBStudio.UI.Tests.dll" adapterTypeName="executor://mstestadapter/v4" className="PBStudio.UI.Tests.ProjectSwitchUiPublicationTests" name="BrainFeedback_ProjectResetRejectsLateResponse" />
    </UnitTest>
    <UnitTest name="LearningDialog_SeeksBothPlayersAndEnforcesCutEnd" storage="c:\users\david\documents\pb_studio_amd_version\pbstudio.ui.tests\bin\release\net9.0-windows\pbstudio.ui.tests.dll" id="1ce71580-4928-898c-b987-40cd82e9e022">
      <Execution id="36387700-9c98-40fa-a02f-c5653d4d1785" />
      <TestMethod codeBase="C:\Users\david\Documents\Pb_studio_AMD_version\PBStudio.UI.Tests\bin\Release\net9.0-windows\PBStudio.UI.Tests.dll" adapterTypeName="executor://mstestadapter/v4" className="PBStudio.UI.Tests.Obj73UiRegressionTests" name="LearningDialog_SeeksBothPlayersAndEnforcesCutEnd" />
    </UnitTest>
    <UnitTest name="SseDispose_DoesNotThrowForCancelledReconnectTask" storage="c:\users\david\documents\pb_studio_amd_version\pbstudio.ui.tests\bin\release\net9.0-windows\pbstudio.ui.tests.dll" id="163d9787-0528-8e24-a957-1401922c4b8a">
      <Execution id="7d887ba5-3d13-4af4-bcfd-278410bdaae5" />
      <TestMethod codeBase="C:\Users\david\Documents\Pb_studio_AMD_version\PBStudio.UI.Tests\bin\Release\net9.0-windows\PBStudio.UI.Tests.dll" adapterTypeName="executor://mstestadapter/v4" className="PBStudio.UI.Tests.AnalysisResumeContractTests" name="SseDispose_DoesNotThrowForCancelledReconnectTask" />
    </UnitTest>
    <UnitTest name="Load_MalformedJsonReturnsTypedFailureAndDefaults" storage="c:\users\david\documents\pb_studio_amd_version\pbstudio.ui.tests\bin\release\net9.0-windows\pbstudio.ui.tests.dll" id="18443503-bf65-8539-8c27-73cbd912230e">
      <Execution id="fdccfb90-8b28-456f-a014-69f355e16410" />
      <TestMethod codeBase="C:\Users\david\Documents\Pb_studio_AMD_version\PBStudio.UI.Tests\bin\Release\net9.0-windows\PBStudio.UI.Tests.dll" adapterTypeName="executor://mstestadapter/v4" className="PBStudio.UI.Tests.SettingsServiceTests" name="Load_MalformedJsonReturnsTypedFailureAndDefaults" />
    </UnitTest>
    <UnitTest name="ClearChatHistory_SuccessStatusReturnsTrue" storage="c:\users\david\documents\pb_studio_amd_version\pbstudio.ui.tests\bin\release\net9.0-windows\pbstudio.ui.tests.dll" id="1889a283-8b09-8259-baa6-75b788ebec51">
      <Execution id="aba87eae-fb89-405c-8f4d-81ccc91126e5" />
      <TestMethod codeBase="C:\Users\david\Documents\Pb_studio_AMD_version\PBStudio.UI.Tests\bin\Release\net9.0-windows\PBStudio.UI.Tests.dll" adapterTypeName="executor://mstestadapter/v4" className="PBStudio.UI.Tests.ApiClientContractTests" name="ClearChatHistory_SuccessStatusReturnsTrue" />
    </UnitTest>
    <UnitTest name="AudioAnalysis_ProjectTransitionRejectsLateError" storage="c:\users\david\documents\pb_studio_amd_version\pbstudio.ui.tests\bin\release\net9.0-windows\pbstudio.ui.tests.dll" id="144c1203-7f4c-812c-8221-c24240cd374d">
      <Execution id="70f68272-3220-4ccf-b589-6f024a3b2b65" />
      <TestMethod codeBase="C:\Users\david\Documents\Pb_studio_AMD_version\PBStudio.UI.Tests\bin\Release\net9.0-windows\PBStudio.UI.Tests.dll" adapterTypeName="executor://mstestadapter/v4" className="PBStudio.UI.Tests.ProjectSwitchUiPublicationTests" name="AudioAnalysis_ProjectTransitionRejectsLateError" />
    </UnitTest>
    <UnitTest name="KeyboardNudge_ClampsAtAdjacentCutsAndPreservesDuration" storage="c:\users\david\documents\pb_studio_amd_version\pbstudio.ui.tests\bin\release\net9.0-windows\pbstudio.ui.tests.dll" id="19bcc3d4-434a-8ee4-9137-309bb2490b0f">
      <Execution id="bae159a3-57ec-43d1-ad44-5b35e47cc1fb" />
      <TestMethod codeBase="C:\Users\david\Documents\Pb_studio_AMD_version\PBStudio.UI.Tests\bin\Release\net9.0-windows\PBStudio.UI.Tests.dll" adapterTypeName="executor://mstestadapter/v4" className="PBStudio.UI.Tests.TimelineViewModelTests" name="KeyboardNudge_ClampsAtAdjacentCutsAndPreservesDuration" />
    </UnitTest>
    <UnitTest name="RepeatedTemplateReapply_PreservesContentIdentity" storage="c:\users\david\documents\pb_studio_amd_version\pbstudio.ui.tests\bin\release\net9.0-windows\pbstudio.ui.tests.dll" id="1df6034f-075e-87e6-a427-99dbc9c7e266">
      <Execution id="c082e33a-c60f-4160-bf23-f55a3f007be1" />
      <TestMethod codeBase="C:\Users\david\Documents\Pb_studio_AMD_version\PBStudio.UI.Tests\bin\Release\net9.0-windows\PBStudio.UI.Tests.dll" adapterTypeName="executor://mstestadapter/v4" className="PBStudio.UI.Tests.CachedTabControlTests" name="RepeatedTemplateReapply_PreservesContentIdentity" />
    </UnitTest>
    <UnitTest name="Recommendation_ProjectSwitchRejectsOldProjectResult" storage="c:\users\david\documents\pb_studio_amd_version\pbstudio.ui.tests\bin\release\net9.0-windows\pbstudio.ui.tests.dll" id="1c3c9f84-45ce-89ee-8692-412a1b8047b9">
      <Execution id="c98d211e-f2cd-426b-a0aa-febab4dbf46c" />
      <TestMethod codeBase="C:\Users\david\Documents\Pb_studio_AMD_version\PBStudio.UI.Tests\bin\Release\net9.0-windows\PBStudio.UI.Tests.dll" adapterTypeName="executor://mstestadapter/v4" className="PBStudio.UI.Tests.ViewModelAndProjectServiceTests" name="Recommendation_ProjectSwitchRejectsOldProjectResult" />
    </UnitTest>
    <UnitTest name="ProjectSaveAndClose_NegativeResultsPreserveProject" storage="c:\users\david\documents\pb_studio_amd_version\pbstudio.ui.tests\bin\release\net9.0-windows\pbstudio.ui.tests.dll" id="16cce8db-499b-8ad9-8877-1fef604aa4a8">
      <Execution id="78f2c54a-b769-4b11-837b-221cf9828c5b" />
      <TestMethod codeBase="C:\Users\david\Documents\Pb_studio_AMD_version\PBStudio.UI.Tests\bin\Release\net9.0-windows\PBStudio.UI.Tests.dll" adapterTypeName="executor://mstestadapter/v4" className="PBStudio.UI.Tests.ViewModelAndProjectServiceTests" name="ProjectSaveAndClose_NegativeResultsPreserveProject" />
    </UnitTest>
    <UnitTest name="ChatClear_BackendTrueReplacesHistoryWithFreshWelcome" storage="c:\users\david\documents\pb_studio_amd_version\pbstudio.ui.tests\bin\release\net9.0-windows\pbstudio.ui.tests.dll" id="1699e4fb-0790-80a8-a7f0-237d51f0ec22">
      <Execution id="eaf4aa3d-1dc0-4608-9e6a-345bfbbb0fc0" />
      <TestMethod codeBase="C:\Users\david\Documents\Pb_studio_AMD_version\PBStudio.UI.Tests\bin\Release\net9.0-windows\PBStudio.UI.Tests.dll" adapterTypeName="executor://mstestadapter/v4" className="PBStudio.UI.Tests.ViewModelAndProjectServiceTests" name="ChatClear_BackendTrueReplacesHistoryWithFreshWelcome" />
    </UnitTest>
    <UnitTest name="Load_MissingFileIsSuccessfulFirstStart" storage="c:\users\david\documents\pb_studio_amd_version\pbstudio.ui.tests\bin\release\net9.0-windows\pbstudio.ui.tests.dll" id="16f21dcd-f38b-852e-a24d-29dc52e3b8ce">
      <Execution id="e2a2b526-f7d9-410d-90a9-5af7a83e8f37" />
      <TestMethod codeBase="C:\Users\david\Documents\Pb_studio_AMD_version\PBStudio.UI.Tests\bin\Release\net9.0-windows\PBStudio.UI.Tests.dll" adapterTypeName="executor://mstestadapter/v4" className="PBStudio.UI.Tests.SettingsServiceTests" name="Load_MissingFileIsSuccessfulFirstStart" />
    </UnitTest>
    <UnitTest name="SettingsLoadFailure_IsImmediatelyVisibleToViewModel" storage="c:\users\david\documents\pb_studio_amd_version\pbstudio.ui.tests\bin\release\net9.0-windows\pbstudio.ui.tests.dll" id="146b3c6a-d74b-8add-b2a1-51070661d9f2">
      <Execution id="d54b5b3b-7b4d-4d19-b2ae-2d5806704677" />
      <TestMethod codeBase="C:\Users\david\Documents\Pb_studio_AMD_version\PBStudio.UI.Tests\bin\Release\net9.0-windows\PBStudio.UI.Tests.dll" adapterTypeName="executor://mstestadapter/v4" className="PBStudio.UI.Tests.ViewModelAndProjectServiceTests" name="SettingsLoadFailure_IsImmediatelyVisibleToViewModel" />
    </UnitTest>
    <UnitTest name="PortRebind_HealthAndProofAreHeaderless_ThenApiAndSseRemainDefaultHeaderFree" storage="c:\users\david\documents\pb_studio_amd_version\pbstudio.ui.tests\bin\release\net9.0-windows\pbstudio.ui.tests.dll" id="1576f124-bd47-852f-bb7d-8d010ead0861">
      <Execution id="ac03451b-1284-4f86-91e5-4af65ef22ded" />
      <TestMethod codeBase="C:\Users\david\Documents\Pb_studio_AMD_version\PBStudio.UI.Tests\bin\Release\net9.0-windows\PBStudio.UI.Tests.dll" adapterTypeName="executor://mstestadapter/v4" className="PBStudio.UI.Tests.T413OwnerProofTransportTests" name="PortRebind_HealthAndProofAreHeaderless_ThenApiAndSseRemainDefaultHeaderFree" />
    </UnitTest>
    <UnitTest name="SendDuringRevalidation_WaitsThenSendsOnceAfterVerification" storage="c:\users\david\documents\pb_studio_amd_version\pbstudio.ui.tests\bin\release\net9.0-windows\pbstudio.ui.tests.dll" id="1ef48d92-6ac1-89e4-be48-80d969beb0c1">
      <Execution id="077af4d5-c6f6-4629-8521-c4e8715c92ff" />
      <TestMethod codeBase="C:\Users\david\Documents\Pb_studio_AMD_version\PBStudio.UI.Tests\bin\Release\net9.0-windows\PBStudio.UI.Tests.dll" adapterTypeName="executor://mstestadapter/v4" className="PBStudio.UI.Tests.T413OwnerProofTransportTests" name="SendDuringRevalidation_WaitsThenSendsOnceAfterVerification" />
    </UnitTest>
    <UnitTest name="AudioAdapter_PreservesGeneratedPartialResultAndEvidence" storage="c:\users\david\documents\pb_studio_amd_version\pbstudio.ui.tests\bin\release\net9.0-windows\pbstudio.ui.tests.dll" id="1e7b904e-1df8-8ef5-accb-8734c6ceb696">
      <Execution id="1345c2c7-8861-41fa-bf71-d0ff25fbd74d" />
      <TestMethod codeBase="C:\Users\david\Documents\Pb_studio_AMD_version\PBStudio.UI.Tests\bin\Release\net9.0-windows\PBStudio.UI.Tests.dll" adapterTypeName="executor://mstestadapter/v4" className="PBStudio.UI.Tests.TransportContractTests" name="AudioAdapter_PreservesGeneratedPartialResultAndEvidence" />
    </UnitTest>
    <UnitTest name="RedirectResponse_IsReturnedWithoutFollowingSecondRequest" storage="c:\users\david\documents\pb_studio_amd_version\pbstudio.ui.tests\bin\release\net9.0-windows\pbstudio.ui.tests.dll" id="10b8feb4-1f1d-8699-ba84-4f6f72bdae3b">
      <Execution id="fe16b008-8d8c-4962-83b5-f1ad8335ad37" />
      <TestMethod codeBase="C:\Users\david\Documents\Pb_studio_AMD_version\PBStudio.UI.Tests\bin\Release\net9.0-windows\PBStudio.UI.Tests.dll" adapterTypeName="executor://mstestadapter/v4" className="PBStudio.UI.Tests.T413OwnerProofTransportTests" name="RedirectResponse_IsReturnedWithoutFollowingSecondRequest" />
    </UnitTest>
    <UnitTest name="ProjectSwitch_InvalidatesCapturedOperationContext" storage="c:\users\david\documents\pb_studio_amd_version\pbstudio.ui.tests\bin\release\net9.0-windows\pbstudio.ui.tests.dll" id="1e7225f8-8d08-841a-9b1e-a7e584982326">
      <Execution id="d63fc95c-a56d-40a4-bdb9-b3af61f29a5b" />
      <TestMethod codeBase="C:\Users\david\Documents\Pb_studio_AMD_version\PBStudio.UI.Tests\bin\Release\net9.0-windows\PBStudio.UI.Tests.dll" adapterTypeName="executor://mstestadapter/v4" className="PBStudio.UI.Tests.ViewModelAndProjectServiceTests" name="ProjectSwitch_InvalidatesCapturedOperationContext" />
    </UnitTest>
    <UnitTest name="VideoClipInfo_PreservesPartialStageTruth" storage="c:\users\david\documents\pb_studio_amd_version\pbstudio.ui.tests\bin\release\net9.0-windows\pbstudio.ui.tests.dll" id="13491c1a-ffa6-85e1-87b1-534bb12c9974">
      <Execution id="7072c0e6-233d-4c28-ab98-3c6b54ad8a7e" />
      <TestMethod codeBase="C:\Users\david\Documents\Pb_studio_AMD_version\PBStudio.UI.Tests\bin\Release\net9.0-windows\PBStudio.UI.Tests.dll" adapterTypeName="executor://mstestadapter/v4" className="PBStudio.UI.Tests.TransportContractTests" name="VideoClipInfo_PreservesPartialStageTruth" />
    </UnitTest>
    <UnitTest name="ChatClear_BackendFalsePreservesLocalMessages" storage="c:\users\david\documents\pb_studio_amd_version\pbstudio.ui.tests\bin\release\net9.0-windows\pbstudio.ui.tests.dll" id="10702632-f2dd-8da0-adcc-7ec6f6e64520">
      <Execution id="e5a76e60-ff83-4ba2-a3d5-18a9113ff392" />
      <TestMethod codeBase="C:\Users\david\Documents\Pb_studio_AMD_version\PBStudio.UI.Tests\bin\Release\net9.0-windows\PBStudio.UI.Tests.dll" adapterTypeName="executor://mstestadapter/v4" className="PBStudio.UI.Tests.ViewModelAndProjectServiceTests" name="ChatClear_BackendFalsePreservesLocalMessages" />
    </UnitTest>
    <UnitTest name="Brain_RatingGateAllowsOnlyOneFeedbackForSelectedCut" storage="c:\users\david\documents\pb_studio_amd_version\pbstudio.ui.tests\bin\release\net9.0-windows\pbstudio.ui.tests.dll" id="10322c7a-66b0-8a9d-83ce-32f8fd64d853">
      <Execution id="1b78f434-ef04-4005-9eec-e8cd5a226caa" />
      <TestMethod codeBase="C:\Users\david\Documents\Pb_studio_AMD_version\PBStudio.UI.Tests\bin\Release\net9.0-windows\PBStudio.UI.Tests.dll" adapterTypeName="executor://mstestadapter/v4" className="PBStudio.UI.Tests.Obj73UiRegressionTests" name="Brain_RatingGateAllowsOnlyOneFeedbackForSelectedCut" />
    </UnitTest>
    <UnitTest name="ClearChatHistory_NonSuccessStatusReturnsFalse" storage="c:\users\david\documents\pb_studio_amd_version\pbstudio.ui.tests\bin\release\net9.0-windows\pbstudio.ui.tests.dll" id="1ca307a7-cbd5-866d-a5f0-a1eff7e24943">
      <Execution id="3e52ed05-b974-49d4-9c82-7bc16379f99e" />
      <TestMethod codeBase="C:\Users\david\Documents\Pb_studio_AMD_version\PBStudio.UI.Tests\bin\Release\net9.0-windows\PBStudio.UI.Tests.dll" adapterTypeName="executor://mstestadapter/v4" className="PBStudio.UI.Tests.ApiClientContractTests" name="ClearChatHistory_NonSuccessStatusReturnsFalse" />
    </UnitTest>
    <UnitTest name="TemplateReapply_ReparentsExistingPresentersExactlyOnce" storage="c:\users\david\documents\pb_studio_amd_version\pbstudio.ui.tests\bin\release\net9.0-windows\pbstudio.ui.tests.dll" id="1c07e79d-2f02-82ef-83d6-964f11b01e05">
      <Execution id="92a761b8-9596-47db-b41d-8fc3b7c0ba09" />
      <TestMethod codeBase="C:\Users\david\Documents\Pb_studio_AMD_version\PBStudio.UI.Tests\bin\Release\net9.0-windows\PBStudio.UI.Tests.dll" adapterTypeName="executor://mstestadapter/v4" className="PBStudio.UI.Tests.CachedTabControlTests" name="TemplateReapply_ReparentsExistingPresentersExactlyOnce" />
    </UnitTest>
    <UnitTest name="KeyboardTrim_RespectsSourcePreviousNextAndMinimumDuration" storage="c:\users\david\documents\pb_studio_amd_version\pbstudio.ui.tests\bin\release\net9.0-windows\pbstudio.ui.tests.dll" id="171fc1bd-d16c-8f04-9423-ba3219dda602">
      <Execution id="884e16a5-6b8f-4ccf-bac4-6f39d5d32327" />
      <TestMethod codeBase="C:\Users\david\Documents\Pb_studio_AMD_version\PBStudio.UI.Tests\bin\Release\net9.0-windows\PBStudio.UI.Tests.dll" adapterTypeName="executor://mstestadapter/v4" className="PBStudio.UI.Tests.TimelineViewModelTests" name="KeyboardTrim_RespectsSourcePreviousNextAndMinimumDuration" />
    </UnitTest>
    <UnitTest name="Save_AtomicallyPersistsAndVerifiesCurrentSettings" storage="c:\users\david\documents\pb_studio_amd_version\pbstudio.ui.tests\bin\release\net9.0-windows\pbstudio.ui.tests.dll" id="1ada28c6-f1e8-84c0-a31d-99f279d33662">
      <Execution id="1132de89-3487-47f2-a6b4-e29b6c782ae1" />
      <TestMethod codeBase="C:\Users\david\Documents\Pb_studio_AMD_version\PBStudio.UI.Tests\bin\Release\net9.0-windows\PBStudio.UI.Tests.dll" adapterTypeName="executor://mstestadapter/v4" className="PBStudio.UI.Tests.SettingsServiceTests" name="Save_AtomicallyPersistsAndVerifiesCurrentSettings" />
    </UnitTest>
    <UnitTest name="CanceledProtectedSend_ReleasesItsRequestLease" storage="c:\users\david\documents\pb_studio_amd_version\pbstudio.ui.tests\bin\release\net9.0-windows\pbstudio.ui.tests.dll" id="129db6a5-e92e-8ef3-9898-15519adb2d60">
      <Execution id="b960b590-53d4-4bc1-bdc3-6e51c89d3bba" />
      <TestMethod codeBase="C:\Users\david\Documents\Pb_studio_AMD_version\PBStudio.UI.Tests\bin\Release\net9.0-windows\PBStudio.UI.Tests.dll" adapterTypeName="executor://mstestadapter/v4" className="PBStudio.UI.Tests.T413OwnerProofTransportTests" name="CanceledProtectedSend_ReleasesItsRequestLease" />
    </UnitTest>
    <UnitTest name="RatingGate_IsSharedAcrossLearningAndBrainForSameCut" storage="c:\users\david\documents\pb_studio_amd_version\pbstudio.ui.tests\bin\release\net9.0-windows\pbstudio.ui.tests.dll" id="12421b6e-6637-86ab-8c97-e30848487392">
      <Execution id="0155b00f-94c7-43de-8619-d0bab97983aa" />
      <TestMethod codeBase="C:\Users\david\Documents\Pb_studio_AMD_version\PBStudio.UI.Tests\bin\Release\net9.0-windows\PBStudio.UI.Tests.dll" adapterTypeName="executor://mstestadapter/v4" className="PBStudio.UI.Tests.Obj73UiRegressionTests" name="RatingGate_IsSharedAcrossLearningAndBrainForSameCut" />
    </UnitTest>
    <UnitTest name="ResultDtos_DeserializeNegativeBackendTruth" storage="c:\users\david\documents\pb_studio_amd_version\pbstudio.ui.tests\bin\release\net9.0-windows\pbstudio.ui.tests.dll" id="1e0b4879-8097-8fd8-90ab-1b65cf703528">
      <Execution id="5b771380-02ac-4498-9f22-f12e61f6e59f" />
      <TestMethod codeBase="C:\Users\david\Documents\Pb_studio_AMD_version\PBStudio.UI.Tests\bin\Release\net9.0-windows\PBStudio.UI.Tests.dll" adapterTypeName="executor://mstestadapter/v4" className="PBStudio.UI.Tests.TransportContractTests" name="ResultDtos_DeserializeNegativeBackendTruth" />
    </UnitTest>
    <UnitTest name="AnchorWrites_DisableEditingUntilOrderedWriteCompletes" storage="c:\users\david\documents\pb_studio_amd_version\pbstudio.ui.tests\bin\release\net9.0-windows\pbstudio.ui.tests.dll" id="18910e25-23d0-8c81-ba52-e070a1217142">
      <Execution id="be43ddbc-f8f3-4dbb-99a1-af46e855be02" />
      <TestMethod codeBase="C:\Users\david\Documents\Pb_studio_AMD_version\PBStudio.UI.Tests\bin\Release\net9.0-windows\PBStudio.UI.Tests.dll" adapterTypeName="executor://mstestadapter/v4" className="PBStudio.UI.Tests.Obj73UiRegressionTests" name="AnchorWrites_DisableEditingUntilOrderedWriteCompletes" />
    </UnitTest>
    <UnitTest name="SseEventId_IsCommittedOnlyAfterSuccessfulDispatch" storage="c:\users\david\documents\pb_studio_amd_version\pbstudio.ui.tests\bin\release\net9.0-windows\pbstudio.ui.tests.dll" id="112339ba-999b-8a3c-9201-0682eb75c5d7">
      <Execution id="79e427f6-0bc2-4b94-9013-ada9d6f4a8a2" />
      <TestMethod codeBase="C:\Users\david\Documents\Pb_studio_AMD_version\PBStudio.UI.Tests\bin\Release\net9.0-windows\PBStudio.UI.Tests.dll" adapterTypeName="executor://mstestadapter/v4" className="PBStudio.UI.Tests.AnalysisResumeContractTests" name="SseEventId_IsCommittedOnlyAfterSuccessfulDispatch" />
    </UnitTest>
    <UnitTest name="KeyboardSelectionAndScrub_UseTimelineOrderAndClampBounds" storage="c:\users\david\documents\pb_studio_amd_version\pbstudio.ui.tests\bin\release\net9.0-windows\pbstudio.ui.tests.dll" id="1e9b7ca6-40ab-8bc5-9ca0-a99118e22657">
      <Execution id="717be83e-ec65-4859-bb8d-678e7850f79c" />
      <TestMethod codeBase="C:\Users\david\Documents\Pb_studio_AMD_version\PBStudio.UI.Tests\bin\Release\net9.0-windows\PBStudio.UI.Tests.dll" adapterTypeName="executor://mstestadapter/v4" className="PBStudio.UI.Tests.TimelineViewModelTests" name="KeyboardSelectionAndScrub_UseTimelineOrderAndClampBounds" />
    </UnitTest>
    <UnitTest name="SettingsSaveFailure_NeverReportsSuccess" storage="c:\users\david\documents\pb_studio_amd_version\pbstudio.ui.tests\bin\release\net9.0-windows\pbstudio.ui.tests.dll" id="1a78dc13-c09d-8a33-9498-a24acd37f9ee">
      <Execution id="ef12c33d-3c48-460f-b2b3-83cdae66bcb4" />
      <TestMethod codeBase="C:\Users\david\Documents\Pb_studio_AMD_version\PBStudio.UI.Tests\bin\Release\net9.0-windows\PBStudio.UI.Tests.dll" adapterTypeName="executor://mstestadapter/v4" className="PBStudio.UI.Tests.ViewModelAndProjectServiceTests" name="SettingsSaveFailure_NeverReportsSuccess" />
    </UnitTest>
    <UnitTest name="PacingGeneration_ProjectTransitionRejectsLateError" storage="c:\users\david\documents\pb_studio_amd_version\pbstudio.ui.tests\bin\release\net9.0-windows\pbstudio.ui.tests.dll" id="19ab4099-d163-8c50-92c9-0619ffa46d6f">
      <Execution id="5608a324-f29a-4fea-8907-5c67b380c8a3" />
      <TestMethod codeBase="C:\Users\david\Documents\Pb_studio_AMD_version\PBStudio.UI.Tests\bin\Release\net9.0-windows\PBStudio.UI.Tests.dll" adapterTypeName="executor://mstestadapter/v4" className="PBStudio.UI.Tests.ProjectSwitchUiPublicationTests" name="PacingGeneration_ProjectTransitionRejectsLateError" />
    </UnitTest>
    <UnitTest name="UntrustedOrUnresolvedTarget_FailsClosedWithoutSendingCapability" storage="c:\users\david\documents\pb_studio_amd_version\pbstudio.ui.tests\bin\release\net9.0-windows\pbstudio.ui.tests.dll" id="1619daf6-4d89-8b8b-b69a-b2b2e66ccaa1">
      <Execution id="4f2b92c2-6ca5-4d6d-b8e5-94d0b2914d74" />
      <TestMethod codeBase="C:\Users\david\Documents\Pb_studio_AMD_version\PBStudio.UI.Tests\bin\Release\net9.0-windows\PBStudio.UI.Tests.dll" adapterTypeName="executor://mstestadapter/v4" className="PBStudio.UI.Tests.T413OwnerProofTransportTests" name="UntrustedOrUnresolvedTarget_FailsClosedWithoutSendingCapability" />
    </UnitTest>
  </TestDefinitions>
  <TestEntries>
    <TestEntry testId="1a302705-dd2c-8340-92fe-5fb2e49b7a2f" executionId="816fb53c-acfc-4298-8bd8-2c1b2db9a41c" testListId="8c84fa94-04c1-424b-9868-57a2d4851a1d" />
    <TestEntry testId="10faa58a-2ebe-8edb-8fd6-40e718b73675" executionId="24d3f114-806d-4669-9c8c-466baaafd24d" testListId="8c84fa94-04c1-424b-9868-57a2d4851a1d" />
    <TestEntry testId="16dfb3b3-5cd7-8a8f-bb12-d8f1efe2e958" executionId="83984587-a800-4a6a-bf3a-48dd54c0b9dc" testListId="8c84fa94-04c1-424b-9868-57a2d4851a1d" />
    <TestEntry testId="12421b6e-6637-86ab-8c97-e30848487392" executionId="0155b00f-94c7-43de-8619-d0bab97983aa" testListId="8c84fa94-04c1-424b-9868-57a2d4851a1d" />
    <TestEntry testId="10b8feb4-1f1d-8699-ba84-4f6f72bdae3b" executionId="fe16b008-8d8c-4962-83b5-f1ad8335ad37" testListId="8c84fa94-04c1-424b-9868-57a2d4851a1d" />
    <TestEntry testId="129c5b9e-a100-87ca-a9a9-9b3f2dbc67a4" executionId="f413ad47-e20f-4aae-91c8-e63a95011cb8" testListId="8c84fa94-04c1-424b-9868-57a2d4851a1d" />
    <TestEntry testId="159b432a-ce9d-8194-ade1-a156b5c8b926" executionId="f53f59fb-bc8c-48c6-ac2c-758f73bfeb44" testListId="8c84fa94-04c1-424b-9868-57a2d4851a1d" />
    <TestEntry testId="1ca307a7-cbd5-866d-a5f0-a1eff7e24943" executionId="3e52ed05-b974-49d4-9c82-7bc16379f99e" testListId="8c84fa94-04c1-424b-9868-57a2d4851a1d" />
    <TestEntry testId="10702632-f2dd-8da0-adcc-7ec6f6e64520" executionId="e5a76e60-ff83-4ba2-a3d5-18a9113ff392" testListId="8c84fa94-04c1-424b-9868-57a2d4851a1d" />
    <TestEntry testId="1ff2f02d-70c0-853f-826f-4fe1d76c7c2e" executionId="f338029a-e5bb-40d8-b978-d8c47d2e87a3" testListId="8c84fa94-04c1-424b-9868-57a2d4851a1d" />
    <TestEntry testId="112339ba-999b-8a3c-9201-0682eb75c5d7" executionId="79e427f6-0bc2-4b94-9013-ada9d6f4a8a2" testListId="8c84fa94-04c1-424b-9868-57a2d4851a1d" />
    <TestEntry testId="129db6a5-e92e-8ef3-9898-15519adb2d60" executionId="b960b590-53d4-4bc1-bdc3-6e51c89d3bba" testListId="8c84fa94-04c1-424b-9868-57a2d4851a1d" />
    <TestEntry testId="1576f124-bd47-852f-bb7d-8d010ead0861" executionId="ac03451b-1284-4f86-91e5-4af65ef22ded" testListId="8c84fa94-04c1-424b-9868-57a2d4851a1d" />
    <TestEntry testId="1ada28c6-f1e8-84c0-a31d-99f279d33662" executionId="1132de89-3487-47f2-a6b4-e29b6c782ae1" testListId="8c84fa94-04c1-424b-9868-57a2d4851a1d" />
    <TestEntry testId="1db0fb98-c85e-8c77-8809-f1b1a39bea7a" executionId="a6605c52-d51b-4dd5-becf-ef4451c6c94b" testListId="8c84fa94-04c1-424b-9868-57a2d4851a1d" />
    <TestEntry testId="1c3c9f84-45ce-89ee-8692-412a1b8047b9" executionId="c98d211e-f2cd-426b-a0aa-febab4dbf46c" testListId="8c84fa94-04c1-424b-9868-57a2d4851a1d" />
    <TestEntry testId="163d9787-0528-8e24-a957-1401922c4b8a" executionId="7d887ba5-3d13-4af4-bcfd-278410bdaae5" testListId="8c84fa94-04c1-424b-9868-57a2d4851a1d" />
    <TestEntry testId="13491c1a-ffa6-85e1-87b1-534bb12c9974" executionId="7072c0e6-233d-4c28-ab98-3c6b54ad8a7e" testListId="8c84fa94-04c1-424b-9868-57a2d4851a1d" />
    <TestEntry testId="16f21dcd-f38b-852e-a24d-29dc52e3b8ce" executionId="e2a2b526-f7d9-410d-90a9-5af7a83e8f37" testListId="8c84fa94-04c1-424b-9868-57a2d4851a1d" />
    <TestEntry testId="18443503-bf65-8539-8c27-73cbd912230e" executionId="fdccfb90-8b28-456f-a014-69f355e16410" testListId="8c84fa94-04c1-424b-9868-57a2d4851a1d" />
    <TestEntry testId="176f9e49-6bb0-81eb-a163-69eb258bed09" executionId="1765566d-b2f9-4f5e-b9b0-a1e9a648b769" testListId="8c84fa94-04c1-424b-9868-57a2d4851a1d" />
    <TestEntry testId="1e7225f8-8d08-841a-9b1e-a7e584982326" executionId="d63fc95c-a56d-40a4-bdb9-b3af61f29a5b" testListId="8c84fa94-04c1-424b-9868-57a2d4851a1d" />
    <TestEntry testId="1cb5ecd6-3199-89b1-9997-243c6c255d15" executionId="80898171-7cbb-4e38-8d4c-848c5c0f44b5" testListId="8c84fa94-04c1-424b-9868-57a2d4851a1d" />
    <TestEntry testId="11b6c3b2-a8d9-8eca-87d6-da6c3a9ba6fa" executionId="8f0b362f-9af6-4d84-8e93-392a87f6c8ef" testListId="8c84fa94-04c1-424b-9868-57a2d4851a1d" />
    <TestEntry testId="19bcc3d4-434a-8ee4-9137-309bb2490b0f" executionId="bae159a3-57ec-43d1-ad44-5b35e47cc1fb" testListId="8c84fa94-04c1-424b-9868-57a2d4851a1d" />
    <TestEntry testId="137ffbe6-67d1-8855-adf6-db28164fc61c" executionId="ce18f79d-98b4-4328-81dc-e8b30a585937" testListId="8c84fa94-04c1-424b-9868-57a2d4851a1d" />
    <TestEntry testId="1af2eabf-f496-83c7-9c2e-26a31ed74db9" executionId="957b3517-08a2-45aa-a4ad-0e9a6b60e638" testListId="8c84fa94-04c1-424b-9868-57a2d4851a1d" />
    <TestEntry testId="1e7b904e-1df8-8ef5-accb-8734c6ceb696" executionId="1345c2c7-8861-41fa-bf71-d0ff25fbd74d" testListId="8c84fa94-04c1-424b-9868-57a2d4851a1d" />
    <TestEntry testId="1092c592-39b4-82f8-a9fb-f180cc3abafa" executionId="bcc8136f-85dd-427d-9c98-636f377e6cb5" testListId="8c84fa94-04c1-424b-9868-57a2d4851a1d" />
    <TestEntry testId="1889a283-8b09-8259-baa6-75b788ebec51" executionId="aba87eae-fb89-405c-8f4d-81ccc91126e5" testListId="8c84fa94-04c1-424b-9868-57a2d4851a1d" />
    <TestEntry testId="16cce8db-499b-8ad9-8877-1fef604aa4a8" executionId="78f2c54a-b769-4b11-837b-221cf9828c5b" testListId="8c84fa94-04c1-424b-9868-57a2d4851a1d" />
    <TestEntry testId="18910e25-23d0-8c81-ba52-e070a1217142" executionId="be43ddbc-f8f3-4dbb-99a1-af46e855be02" testListId="8c84fa94-04c1-424b-9868-57a2d4851a1d" />
    <TestEntry testId="1cc24067-99fd-8a8d-8c7e-2d1e1398f0b2" executionId="4738c8cc-d311-4371-91f6-b0594d495331" testListId="8c84fa94-04c1-424b-9868-57a2d4851a1d" />
    <TestEntry testId="176f4b55-57bd-8c80-b546-52e355a2f3c3" executionId="c16fb560-ccf9-4fee-b679-292303b18a58" testListId="8c84fa94-04c1-424b-9868-57a2d4851a1d" />
    <TestEntry testId="19ab4099-d163-8c50-92c9-0619ffa46d6f" executionId="5608a324-f29a-4fea-8907-5c67b380c8a3" testListId="8c84fa94-04c1-424b-9868-57a2d4851a1d" />
    <TestEntry testId="171fc1bd-d16c-8f04-9423-ba3219dda602" executionId="884e16a5-6b8f-4ccf-bac4-6f39d5d32327" testListId="8c84fa94-04c1-424b-9868-57a2d4851a1d" />
    <TestEntry testId="13ed44d5-0b1e-8979-896b-ec6342ee2db1" executionId="ca2f7bce-d3dd-4657-a39b-37eb8178e2b1" testListId="8c84fa94-04c1-424b-9868-57a2d4851a1d" />
    <TestEntry testId="1bf592ee-a015-81d6-aa92-c566798b88cd" executionId="d05cf74c-4801-47c3-aae0-eec35fde6a93" testListId="8c84fa94-04c1-424b-9868-57a2d4851a1d" />
    <TestEntry testId="1ce71580-4928-898c-b987-40cd82e9e022" executionId="36387700-9c98-40fa-a02f-c5653d4d1785" testListId="8c84fa94-04c1-424b-9868-57a2d4851a1d" />
    <TestEntry testId="144c1203-7f4c-812c-8221-c24240cd374d" executionId="70f68272-3220-4ccf-b589-6f024a3b2b65" testListId="8c84fa94-04c1-424b-9868-57a2d4851a1d" />
    <TestEntry testId="1a78dc13-c09d-8a33-9498-a24acd37f9ee" executionId="ef12c33d-3c48-460f-b2b3-83cdae66bcb4" testListId="8c84fa94-04c1-424b-9868-57a2d4851a1d" />
    <TestEntry testId="146b3c6a-d74b-8add-b2a1-51070661d9f2" executionId="d54b5b3b-7b4d-4d19-b2ae-2d5806704677" testListId="8c84fa94-04c1-424b-9868-57a2d4851a1d" />
    <TestEntry testId="10d8f015-126c-823c-8144-27f41f7cadba" executionId="3a1b1e36-33af-4c55-b384-e6cc22e05402" testListId="8c84fa94-04c1-424b-9868-57a2d4851a1d" />
    <TestEntry testId="13131d9b-ab8b-8c9a-a71c-e3322737c720" executionId="50286a4e-67ab-4749-834a-e7f2f76847d1" testListId="8c84fa94-04c1-424b-9868-57a2d4851a1d" />
    <TestEntry testId="10322c7a-66b0-8a9d-83ce-32f8fd64d853" executionId="1b78f434-ef04-4005-9eec-e8cd5a226caa" testListId="8c84fa94-04c1-424b-9868-57a2d4851a1d" />
    <TestEntry testId="1619daf6-4d89-8b8b-b69a-b2b2e66ccaa1" executionId="4f2b92c2-6ca5-4d6d-b8e5-94d0b2914d74" testListId="8c84fa94-04c1-424b-9868-57a2d4851a1d" />
    <TestEntry testId="1e847777-d735-8eba-813f-3a1042c11793" executionId="47191bc0-8a71-406b-95d2-c1c0341459d9" testListId="8c84fa94-04c1-424b-9868-57a2d4851a1d" />
    <TestEntry testId="161fa28a-9149-8f48-8d0e-034dd26869ba" executionId="4a02ec4a-9e5b-476d-a2db-6d85887df5c9" testListId="8c84fa94-04c1-424b-9868-57a2d4851a1d" />
    <TestEntry testId="1ef48d92-6ac1-89e4-be48-80d969beb0c1" executionId="077af4d5-c6f6-4629-8521-c4e8715c92ff" testListId="8c84fa94-04c1-424b-9868-57a2d4851a1d" />
    <TestEntry testId="1c07e79d-2f02-82ef-83d6-964f11b01e05" executionId="92a761b8-9596-47db-b41d-8fc3b7c0ba09" testListId="8c84fa94-04c1-424b-9868-57a2d4851a1d" />
    <TestEntry testId="1e9b7ca6-40ab-8bc5-9ca0-a99118e22657" executionId="717be83e-ec65-4859-bb8d-678e7850f79c" testListId="8c84fa94-04c1-424b-9868-57a2d4851a1d" />
    <TestEntry testId="1699e4fb-0790-80a8-a7f0-237d51f0ec22" executionId="eaf4aa3d-1dc0-4608-9e6a-345bfbbb0fc0" testListId="8c84fa94-04c1-424b-9868-57a2d4851a1d" />
    <TestEntry testId="1e0b4879-8097-8fd8-90ab-1b65cf703528" executionId="5b771380-02ac-4498-9f22-f12e61f6e59f" testListId="8c84fa94-04c1-424b-9868-57a2d4851a1d" />
    <TestEntry testId="1df6034f-075e-87e6-a427-99dbc9c7e266" executionId="c082e33a-c60f-4160-bf23-f55a3f007be1" testListId="8c84fa94-04c1-424b-9868-57a2d4851a1d" />
  </TestEntries>
  <TestLists>
    <TestList name="Ergebnisse nicht in einer Liste" id="8c84fa94-04c1-424b-9868-57a2d4851a1d" />
    <TestList name="Alle geladenen Ergebnisse" id="19431567-8539-422a-85d7-44ee4e166bda" />
  </TestLists>
  <ResultSummary outcome="Completed">
    <Counters total="54" executed="54" passed="54" failed="0" error="0" timeout="0" aborted="0" inconclusive="0" passedButRunAborted="0" notRunnable="0" notExecuted="0" disconnected="0" warning="0" completed="0" inProgress="0" pending="0" />
  </ResultSummary>
</TestRun>