frame=0
fps=0.00
stream_0_0_q=0.0
bitrate=N/A
total_size=0
out_time_us=N/A
out_time_ms=N/A
out_time=N/A
dup_frames=0
drop_frames=0
speed=N/A
progress=continue
frame=52
fps=0.00
stream_0_0_q=-0.0
bitrate=12099.4kbits/s
total_size=1310768
out_time_us=866667
out_time_ms=866667
out_time=00:00:00.866667
dup_frames=0
drop_frames=0
speed= 1.7x
progress=continue
frame=83
fps=81.04
stream_0_0_q=-0.0
bitrate=12128.4kbits/s
total_size=2097200
out_time_us=1383333
out_time_ms=1383333
out_time=00:00:01.383333
dup_frames=0
drop_frames=0
speed=1.35x
progress=continue
frame=114
fps=74.20
stream_0_0_q=-0.0
bitrate=12141.6kbits/s
total_size=2883632
out_time_us=1900000
out_time_ms=1900000
out_time=00:00:01.900000
dup_frames=0
drop_frames=0
speed=1.24x
progress=continue
frame=144
fps=70.29
stream_0_0_q=-0.0
bitrate=12233.5kbits/s
total_size=3670064
out_time_us=2400000
out_time_ms=2400000
out_time=00:00:02.400000
dup_frames=0
drop_frames=0
speed=1.17x
progress=continue
frame=175
fps=68.36
stream_0_0_q=-0.0
bitrate=12223.5kbits/s
total_size=4456496
out_time_us=2916667
out_time_ms=2916667
out_time=00:00:02.916667
dup_frames=0
drop_frames=0
speed=1.14x
progress=continue
frame=206
fps=67.02
stream_0_0_q=-0.0
bitrate=12216.5kbits/s
total_size=5242928
out_time_us=3433333
out_time_ms=3433333
out_time=00:00:03.433333
dup_frames=0
drop_frames=0
speed=1.12x
progress=continue
frame=237
fps=66.10
stream_0_0_q=-0.0
bitrate=12211.4kbits/s
total_size=6029360
out_time_us=3950000
out_time_ms=3950000
out_time=00:00:03.950000
dup_frames=0
drop_frames=0
speed= 1.1x
progress=continue
frame=267
fps=65.15
stream_0_0_q=-0.0
bitrate=12253.1kbits/s
total_size=6815792
out_time_us=4450000
out_time_ms=4450000
out_time=00:00:04.450000
dup_frames=0
drop_frames=0
speed=1.09x
progress=continue
frame=298
fps=64.62
stream_0_0_q=-0.0
bitrate=12245.2kbits/s
total_size=7602224
out_time_us=4966667
out_time_ms=4966667
out_time=00:00:04.966667
dup_frames=0
drop_frames=0
speed=1.08x
progress=continue
frame=329
fps=64.20
stream_0_0_q=-0.0
bitrate=12238.8kbits/s
total_size=8388656
out_time_us=5483333
out_time_ms=5483333
out_time=00:00:05.483333
dup_frames=0
drop_frames=0
speed=1.07x
progress=continue
frame=360
fps=63.88
stream_0_0_q=-0.0
bitrate=12233.5kbits/s
total_size=9175088
out_time_us=6000000
out_time_ms=6000000
out_time=00:00:06.000000
dup_frames=0
drop_frames=0
speed=1.06x
progress=continue
frame=390
fps=63.43
stream_0_0_q=-0.0
bitrate=11937.7kbits/s
total_size=9699376
out_time_us=6500000
out_time_ms=6500000
out_time=00:00:06.500000
dup_frames=0
drop_frames=0
speed=1.06x
progress=continue
frame=421
fps=63.19
stream_0_0_q=-0.0
bitrate=11955.3kbits/s
total_size=10485808
out_time_us=7016667
out_time_ms=7016667
out_time=00:00:07.016667
dup_frames=0
drop_frames=0
speed=1.05x
progress=continue
frame=452
fps=63.00
stream_0_0_q=-0.0
bitrate=11970.5kbits/s
total_size=11272240
out_time_us=7533333
out_time_ms=7533333
out_time=00:00:07.533333
dup_frames=0
drop_frames=0
speed=1.05x
progress=continue
frame=483
fps=62.85
stream_0_0_q=-0.0
bitrate=11983.8kbits/s
total_size=12058672
out_time_us=8050000
out_time_ms=8050000
out_time=00:00:08.050000
dup_frames=0
drop_frames=0
speed=1.05x
progress=continue
frame=513
fps=62.60
stream_0_0_q=-0.0
bitrate=12018.8kbits/s
total_size=12845104
out_time_us=8550000
out_time_ms=8550000
out_time=00:00:08.550000
dup_frames=0
drop_frames=0
speed=1.04x
progress=continue
frame=544
fps=62.48
stream_0_0_q=-0.0
bitrate=12027.8kbits/s
total_size=13631536
out_time_us=9066667
out_time_ms=9066667
out_time=00:00:09.066667
dup_frames=0
drop_frames=0
speed=1.04x
progress=continue
frame=575
fps=62.36
stream_0_0_q=-0.0
bitrate=12035.9kbits/s
total_size=14417968
out_time_us=9583333
out_time_ms=9583333
out_time=00:00:09.583333
dup_frames=0
drop_frames=0
speed=1.04x
progress=continue
frame=606
fps=62.16
stream_0_0_q=-0.0
bitrate=12043.1kbits/s
total_size=15204400
out_time_us=10100000
out_time_ms=10100000
out_time=00:00:10.100000
dup_frames=0
drop_frames=0
speed=1.04x
progress=continue
frame=637
fps=62.07
stream_0_0_q=-0.0
bitrate=12049.6kbits/s
total_size=15990832
out_time_us=10616667
out_time_ms=10616667
out_time=00:00:10.616667
dup_frames=0
drop_frames=0
speed=1.03x
progress=continue
frame=667
fps=61.90
stream_0_0_q=-0.0
bitrate=12073.6kbits/s
total_size=16777264
out_time_us=11116667
out_time_ms=11116667
out_time=00:00:11.116667
dup_frames=0
drop_frames=0
speed=1.03x
progress=continue
frame=699
fps=61.92
stream_0_0_q=-0.0
bitrate=12060.9kbits/s
total_size=17563696
out_time_us=11650000
out_time_ms=11650000
out_time=00:00:11.650000
dup_frames=0
drop_frames=0
speed=1.03x
progress=continue
frame=720
fps=62.56
stream_0_0_q=-0.0
bitrate=12140.9kbits/s
total_size=18186090
out_time_us=11983333
out_time_ms=11983333
out_time=00:00:11.983333
dup_frames=0
drop_frames=0
speed=1.04x
progress=end
