frame=0
fps=0.00
stream_0_0_q=0.0
bitrate=N/A
total_size=0
out_time_us=N/A
out_time_ms=N/A
out_time=N/A
dup_frames=0
drop_frames=0
speed=N/A
progress=continue
frame=45
fps=0.00
stream_0_0_q=-0.0
bitrate=11185.3kbits/s
total_size=1048620
out_time_us=750000
out_time_ms=750000
out_time=00:00:00.750000
dup_frames=0
drop_frames=0
speed= 1.5x
progress=continue
frame=75
fps=74.06
stream_0_0_q=-0.0
bitrate=11744.3kbits/s
total_size=1835052
out_time_us=1250000
out_time_ms=1250000
out_time=00:00:01.250000
dup_frames=0
drop_frames=0
speed=1.23x
progress=continue
frame=106
fps=69.50
stream_0_0_q=-0.0
bitrate=11870.9kbits/s
total_size=2621484
out_time_us=1766667
out_time_ms=1766667
out_time=00:00:01.766667
dup_frames=0
drop_frames=0
speed=1.16x
progress=continue
frame=136
fps=66.70
stream_0_0_q=-0.0
bitrate=12027.9kbits/s
total_size=3407916
out_time_us=2266667
out_time_ms=2266667
out_time=00:00:02.266667
dup_frames=0
drop_frames=0
speed=1.11x
progress=continue
frame=168
fps=65.47
stream_0_0_q=-0.0
bitrate=11983.9kbits/s
total_size=4194348
out_time_us=2800000
out_time_ms=2800000
out_time=00:00:02.800000
dup_frames=0
drop_frames=0
speed=1.09x
progress=continue
frame=199
fps=64.61
stream_0_0_q=-0.0
bitrate=12013.9kbits/s
total_size=4980780
out_time_us=3316667
out_time_ms=3316667
out_time=00:00:03.316667
dup_frames=0
drop_frames=0
speed=1.08x
progress=continue
frame=230
fps=64.02
stream_0_0_q=-0.0
bitrate=12035.9kbits/s
total_size=5767212
out_time_us=3833333
out_time_ms=3833333
out_time=00:00:03.833333
dup_frames=0
drop_frames=0
speed=1.07x
progress=continue
frame=261
fps=63.58
stream_0_0_q=-0.0
bitrate=12052.7kbits/s
total_size=6553644
out_time_us=4350000
out_time_ms=4350000
out_time=00:00:04.350000
dup_frames=0
drop_frames=0
speed=1.06x
progress=continue
frame=291
fps=63.04
stream_0_0_q=-0.0
bitrate=12107.3kbits/s
total_size=7340076
out_time_us=4850000
out_time_ms=4850000
out_time=00:00:04.850000
dup_frames=0
drop_frames=0
speed=1.05x
progress=continue
frame=322
fps=62.78
stream_0_0_q=-0.0
bitrate=12114.0kbits/s
total_size=8126508
out_time_us=5366667
out_time_ms=5366667
out_time=00:00:05.366667
dup_frames=0
drop_frames=0
speed=1.05x
progress=continue
frame=353
fps=62.59
stream_0_0_q=-0.0
bitrate=12119.6kbits/s
total_size=8912940
out_time_us=5883333
out_time_ms=5883333
out_time=00:00:05.883333
dup_frames=0
drop_frames=0
speed=1.04x
progress=continue
frame=384
fps=62.28
stream_0_0_q=-0.0
bitrate=12124.2kbits/s
total_size=9699372
out_time_us=6400000
out_time_ms=6400000
out_time=00:00:06.400000
dup_frames=0
drop_frames=0
speed=1.04x
progress=continue
frame=415
fps=61.99
stream_0_0_q=-0.0
bitrate=12128.2kbits/s
total_size=10485804
out_time_us=6916667
out_time_ms=6916667
out_time=00:00:06.916667
dup_frames=0
drop_frames=0
speed=1.03x
progress=continue
frame=447
fps=62.03
stream_0_0_q=-0.0
bitrate=12104.4kbits/s
total_size=11272236
out_time_us=7450000
out_time_ms=7450000
out_time=00:00:07.450000
dup_frames=0
drop_frames=0
speed=1.03x
progress=continue
frame=478
fps=61.93
stream_0_0_q=-0.0
bitrate=12109.1kbits/s
total_size=12058668
out_time_us=7966667
out_time_ms=7966667
out_time=00:00:07.966667
dup_frames=0
drop_frames=0
speed=1.03x
progress=continue
frame=508
fps=61.72
stream_0_0_q=-0.0
bitrate=12137.1kbits/s
total_size=12845100
out_time_us=8466667
out_time_ms=8466667
out_time=00:00:08.466667
dup_frames=0
drop_frames=0
speed=1.03x
progress=continue
frame=539
fps=61.65
stream_0_0_q=-0.0
bitrate=12139.4kbits/s
total_size=13631532
out_time_us=8983333
out_time_ms=8983333
out_time=00:00:08.983333
dup_frames=0
drop_frames=0
speed=1.03x
progress=continue
frame=570
fps=61.58
stream_0_0_q=-0.0
bitrate=12141.4kbits/s
total_size=14417964
out_time_us=9500000
out_time_ms=9500000
out_time=00:00:09.500000
dup_frames=0
drop_frames=0
speed=1.03x
progress=continue
frame=601
fps=61.53
stream_0_0_q=-0.0
bitrate=11933.9kbits/s
total_size=14942252
out_time_us=10016667
out_time_ms=10016667
out_time=00:00:10.016667
dup_frames=0
drop_frames=0
speed=1.03x
progress=continue
frame=631
fps=61.37
stream_0_0_q=-0.0
bitrate=11964.8kbits/s
total_size=15728684
out_time_us=10516667
out_time_ms=10516667
out_time=00:00:10.516667
dup_frames=0
drop_frames=0
speed=1.02x
progress=continue
frame=662
fps=61.33
stream_0_0_q=-0.0
bitrate=11974.7kbits/s
total_size=16515116
out_time_us=11033333
out_time_ms=11033333
out_time=00:00:11.033333
dup_frames=0
drop_frames=0
speed=1.02x
progress=continue
frame=693
fps=61.30
stream_0_0_q=-0.0
bitrate=11983.8kbits/s
total_size=17301548
out_time_us=11550000
out_time_ms=11550000
out_time=00:00:11.550000
dup_frames=0
drop_frames=0
speed=1.02x
progress=continue
frame=720
fps=62.38
stream_0_0_q=-0.0
bitrate=12170.8kbits/s
total_size=18230843
out_time_us=11983333
out_time_ms=11983333
out_time=00:00:11.983333
dup_frames=0
drop_frames=0
speed=1.04x
progress=end
