<?xml version="1.0" encoding="utf-8"?>
<TestRun id="9c663bc9-cf14-495e-91f0-249cfbb47595" name="david@CYBER-TOWER 2026-08-01 21:33:50" runUser="CYBER-TOWER\david" xmlns="http://microsoft.com/schemas/VisualStudio/TeamTest/2010">
  <Times creation="2026-08-01T21:33:50.8991418+02:00" queuing="2026-08-01T21:33:50.8991419+02:00" start="2026-08-01T21:33:50.0211140+02:00" finish="2026-08-01T21:33:51.2346790+02:00" />
  <TestSettings name="default" id="e389a18b-61ef-4810-84c1-88eb9051ae47">
    <Deployment runDeploymentRoot="david_CYBER-TOWER_2026-08-01_21_33_50" />
  </TestSettings>
  <Results>
    <UnitTestResult executionId="3a6ed8b2-f352-4427-a274-3abcbeae3e7a" testId="1df6034f-075e-87e6-a427-99dbc9c7e266" testName="RepeatedTemplateReapply_PreservesContentIdentity" computerName="CYBER-TOWER" duration="00:00:00.0144553" startTime="2026-08-01T21:33:50.8226157+02:00" endTime="2026-08-01T21:33:50.8371144+02:00" testType="13cdc9d9-ddb5-4fa4-a97d-d965ccfc6d4b" outcome="Passed" testListId="8c84fa94-04c1-424b-9868-57a2d4851a1d" relativeResultsDirectory="3a6ed8b2-f352-4427-a274-3abcbeae3e7a" />
    <UnitTestResult executionId="394c6c2a-a87c-43b5-b85d-b3be324263ee" testId="161fa28a-9149-8f48-8d0e-034dd26869ba" testName="Recommendation_LateOlderModeCannotReplaceCurrentMode" computerName="CYBER-TOWER" duration="00:00:00.0807951" startTime="2026-08-01T21:33:50.9172409+02:00" endTime="2026-08-01T21:33:50.9980871+02:00" testType="13cdc9d9-ddb5-4fa4-a97d-d965ccfc6d4b" outcome="Passed" testListId="8c84fa94-04c1-424b-9868-57a2d4851a1d" relativeResultsDirectory="394c6c2a-a87c-43b5-b85d-b3be324263ee" />
    <UnitTestResult executionId="3aa14b02-c07f-44f6-8c31-0295a3388e91" testId="1bf592ee-a015-81d6-aa92-c566798b88cd" testName="SortEntriesByTime_PreservesSelectedEntryIdentity" computerName="CYBER-TOWER" duration="00:00:00.0010712" startTime="2026-08-01T21:33:50.8949126+02:00" endTime="2026-08-01T21:33:50.8960115+02:00" testType="13cdc9d9-ddb5-4fa4-a97d-d965ccfc6d4b" outcome="Passed" testListId="8c84fa94-04c1-424b-9868-57a2d4851a1d" relativeResultsDirectory="3aa14b02-c07f-44f6-8c31-0295a3388e91" />
    <UnitTestResult executionId="4ee40b35-d62a-4d22-aeb3-fd1ad9dd2546" testId="159b432a-ce9d-8194-ade1-a156b5c8b926" testName="GpuCleanup_BackendFailureNeverReportsCompletion" computerName="CYBER-TOWER" duration="00:00:00.0009581" startTime="2026-08-01T21:33:50.9162447+02:00" endTime="2026-08-01T21:33:50.9172184+02:00" testType="13cdc9d9-ddb5-4fa4-a97d-d965ccfc6d4b" outcome="Passed" testListId="8c84fa94-04c1-424b-9868-57a2d4851a1d" relativeResultsDirectory="4ee40b35-d62a-4d22-aeb3-fd1ad9dd2546" />
    <UnitTestResult executionId="ee51511f-d2aa-46cf-a6d2-4a8c8a15a8eb" testId="10faa58a-2ebe-8edb-8fd6-40e718b73675" testName="UnsafeKeyboardRemoval_DoesNotMutateTimeline" computerName="CYBER-TOWER" duration="00:00:00.0004527" startTime="2026-08-01T21:33:50.8944227+02:00" endTime="2026-08-01T21:33:50.8948941+02:00" testType="13cdc9d9-ddb5-4fa4-a97d-d965ccfc6d4b" outcome="Passed" testListId="8c84fa94-04c1-424b-9868-57a2d4851a1d" relativeResultsDirectory="ee51511f-d2aa-46cf-a6d2-4a8c8a15a8eb" />
    <UnitTestResult executionId="4ce8fd30-4c76-4b49-934a-e3b58d9b6461" testId="1e9b7ca6-40ab-8bc5-9ca0-a99118e22657" testName="KeyboardSelectionAndScrub_UseTimelineOrderAndClampBounds" computerName="CYBER-TOWER" duration="00:00:00.0183805" startTime="2026-08-01T21:33:50.8698449+02:00" endTime="2026-08-01T21:33:50.8882733+02:00" testType="13cdc9d9-ddb5-4fa4-a97d-d965ccfc6d4b" outcome="Passed" testListId="8c84fa94-04c1-424b-9868-57a2d4851a1d" relativeResultsDirectory="4ce8fd30-4c76-4b49-934a-e3b58d9b6461" />
    <UnitTestResult executionId="9f5cc4cc-1120-4941-a6ae-4028990d3e7d" testId="11b6c3b2-a8d9-8eca-87d6-da6c3a9ba6fa" testName="CleanupGpu_DeserializesTypedNegativeResult" computerName="CYBER-TOWER" duration="00:00:00.0063631" startTime="2026-08-01T21:33:50.6895865+02:00" endTime="2026-08-01T21:33:50.6959687+02:00" testType="13cdc9d9-ddb5-4fa4-a97d-d965ccfc6d4b" outcome="Passed" testListId="8c84fa94-04c1-424b-9868-57a2d4851a1d" relativeResultsDirectory="9f5cc4cc-1120-4941-a6ae-4028990d3e7d" />
    <UnitTestResult executionId="20be6136-d470-43f9-97c2-9d4422ca242a" testId="1889a283-8b09-8259-baa6-75b788ebec51" testName="ClearChatHistory_SuccessStatusReturnsTrue" computerName="CYBER-TOWER" duration="00:00:00.0004668" startTime="2026-08-01T21:33:50.6886643+02:00" endTime="2026-08-01T21:33:50.6894429+02:00" testType="13cdc9d9-ddb5-4fa4-a97d-d965ccfc6d4b" outcome="Passed" testListId="8c84fa94-04c1-424b-9868-57a2d4851a1d" relativeResultsDirectory="20be6136-d470-43f9-97c2-9d4422ca242a" />
    <UnitTestResult executionId="8f7b3012-6d14-42f6-b4c3-782ba9edf116" testId="1ca307a7-cbd5-866d-a5f0-a1eff7e24943" testName="ClearChatHistory_NonSuccessStatusReturnsFalse" computerName="CYBER-TOWER" duration="00:00:00.0069586" startTime="2026-08-01T21:33:50.6699111+02:00" endTime="2026-08-01T21:33:50.6863613+02:00" testType="13cdc9d9-ddb5-4fa4-a97d-d965ccfc6d4b" outcome="Passed" testListId="8c84fa94-04c1-424b-9868-57a2d4851a1d" relativeResultsDirectory="8f7b3012-6d14-42f6-b4c3-782ba9edf116" />
    <UnitTestResult executionId="c6c5ef64-fff3-471a-a94b-c42d3454b934" testId="146b3c6a-d74b-8add-b2a1-51070661d9f2" testName="SettingsLoadFailure_IsImmediatelyVisibleToViewModel" computerName="CYBER-TOWER" duration="00:00:00.0040861" startTime="2026-08-01T21:33:50.9101135+02:00" endTime="2026-08-01T21:33:50.9142151+02:00" testType="13cdc9d9-ddb5-4fa4-a97d-d965ccfc6d4b" outcome="Passed" testListId="8c84fa94-04c1-424b-9868-57a2d4851a1d" relativeResultsDirectory="c6c5ef64-fff3-471a-a94b-c42d3454b934" />
    <UnitTestResult executionId="992206b7-deb3-4ff2-aa18-969ad5eaa9fb" testId="1092c592-39b4-82f8-a9fb-f180cc3abafa" testName="TimelinePreview_ForwardsCancellationToHttpRequest" computerName="CYBER-TOWER" duration="00:00:00.0040238" startTime="2026-08-01T21:33:50.6959814+02:00" endTime="2026-08-01T21:33:50.7015004+02:00" testType="13cdc9d9-ddb5-4fa4-a97d-d965ccfc6d4b" outcome="Passed" testListId="8c84fa94-04c1-424b-9868-57a2d4851a1d" relativeResultsDirectory="992206b7-deb3-4ff2-aa18-969ad5eaa9fb" />
    <UnitTestResult executionId="7f7847fa-a290-477c-8bea-0603b90bce02" testId="137ffbe6-67d1-8855-adf6-db28164fc61c" testName="SingleVramAdapter_ProducesOneModelSnapshotWithoutShapeDrift" computerName="CYBER-TOWER" duration="00:00:00.0005834" startTime="2026-08-01T21:33:50.9058365+02:00" endTime="2026-08-01T21:33:50.9064362+02:00" testType="13cdc9d9-ddb5-4fa4-a97d-d965ccfc6d4b" outcome="Passed" testListId="8c84fa94-04c1-424b-9868-57a2d4851a1d" relativeResultsDirectory="7f7847fa-a290-477c-8bea-0603b90bce02" />
    <UnitTestResult executionId="a503d92b-1858-4da2-ab3a-cb465b2b1198" testId="1ada28c6-f1e8-84c0-a31d-99f279d33662" testName="Save_AtomicallyPersistsAndVerifiesCurrentSettings" computerName="CYBER-TOWER" duration="00:00:00.0133081" startTime="2026-08-01T21:33:50.8497547+02:00" endTime="2026-08-01T21:33:50.8630820+02:00" testType="13cdc9d9-ddb5-4fa4-a97d-d965ccfc6d4b" outcome="Passed" testListId="8c84fa94-04c1-424b-9868-57a2d4851a1d" relativeResultsDirectory="a503d92b-1858-4da2-ab3a-cb465b2b1198" />
    <UnitTestResult executionId="a9ee7a47-5a19-4581-b71d-ac50837d71e2" testId="1e7225f8-8d08-841a-9b1e-a7e584982326" testName="ProjectSwitch_InvalidatesCapturedOperationContext" computerName="CYBER-TOWER" duration="00:00:00.0005620" startTime="2026-08-01T21:33:51.0934413+02:00" endTime="2026-08-01T21:33:51.0952574+02:00" testType="13cdc9d9-ddb5-4fa4-a97d-d965ccfc6d4b" outcome="Passed" testListId="8c84fa94-04c1-424b-9868-57a2d4851a1d" relativeResultsDirectory="a9ee7a47-5a19-4581-b71d-ac50837d71e2" />
    <UnitTestResult executionId="243b762a-4fc8-4b93-bb81-39f7ac4a82d8" testId="16f21dcd-f38b-852e-a24d-29dc52e3b8ce" testName="Load_MissingFileIsSuccessfulFirstStart" computerName="CYBER-TOWER" duration="00:00:00.0021514" startTime="2026-08-01T21:33:50.8371326+02:00" endTime="2026-08-01T21:33:50.8393370+02:00" testType="13cdc9d9-ddb5-4fa4-a97d-d965ccfc6d4b" outcome="Passed" testListId="8c84fa94-04c1-424b-9868-57a2d4851a1d" relativeResultsDirectory="243b762a-4fc8-4b93-bb81-39f7ac4a82d8" />
    <UnitTestResult executionId="8bc29403-b9b0-4774-8944-4395cd03b152" testId="1c07e79d-2f02-82ef-83d6-964f11b01e05" testName="TemplateReapply_ReparentsExistingPresentersExactlyOnce" computerName="CYBER-TOWER" duration="00:00:00.1210185" startTime="2026-08-01T21:33:50.7015146+02:00" endTime="2026-08-01T21:33:50.8225867+02:00" testType="13cdc9d9-ddb5-4fa4-a97d-d965ccfc6d4b" outcome="Passed" testListId="8c84fa94-04c1-424b-9868-57a2d4851a1d" relativeResultsDirectory="8bc29403-b9b0-4774-8944-4395cd03b152" />
    <UnitTestResult executionId="96d2c68a-7474-425c-95b7-c0c331ca28c3" testId="10702632-f2dd-8da0-adcc-7ec6f6e64520" testName="ChatClear_BackendFalsePreservesLocalMessages" computerName="CYBER-TOWER" duration="00:00:00.0015963" startTime="2026-08-01T21:33:50.9080243+02:00" endTime="2026-08-01T21:33:50.9096735+02:00" testType="13cdc9d9-ddb5-4fa4-a97d-d965ccfc6d4b" outcome="Passed" testListId="8c84fa94-04c1-424b-9868-57a2d4851a1d" relativeResultsDirectory="96d2c68a-7474-425c-95b7-c0c331ca28c3" />
    <UnitTestResult executionId="ed64057f-a5e3-4b5a-a410-055a092d9362" testId="1699e4fb-0790-80a8-a7f0-237d51f0ec22" testName="ChatClear_BackendTrueReplacesHistoryWithFreshWelcome" computerName="CYBER-TOWER" duration="00:00:00.0004035" startTime="2026-08-01T21:33:50.9096847+02:00" endTime="2026-08-01T21:33:50.9101042+02:00" testType="13cdc9d9-ddb5-4fa4-a97d-d965ccfc6d4b" outcome="Passed" testListId="8c84fa94-04c1-424b-9868-57a2d4851a1d" relativeResultsDirectory="ed64057f-a5e3-4b5a-a410-055a092d9362" />
    <UnitTestResult executionId="b956dbb7-2d0a-4a5b-abc5-306e071bb17d" testId="1e7b904e-1df8-8ef5-accb-8734c6ceb696" testName="AudioAdapter_PreservesGeneratedPartialResultAndEvidence" computerName="CYBER-TOWER" duration="00:00:00.0041472" startTime="2026-08-01T21:33:50.8960254+02:00" endTime="2026-08-01T21:33:50.9002215+02:00" testType="13cdc9d9-ddb5-4fa4-a97d-d965ccfc6d4b" outcome="Passed" testListId="8c84fa94-04c1-424b-9868-57a2d4851a1d" relativeResultsDirectory="b956dbb7-2d0a-4a5b-abc5-306e071bb17d" />
    <UnitTestResult executionId="ec36d059-6630-4b3f-88f0-5fa1fa2c1e25" testId="16cce8db-499b-8ad9-8877-1fef604aa4a8" testName="ProjectSaveAndClose_NegativeResultsPreserveProject" computerName="CYBER-TOWER" duration="00:00:00.0018745" startTime="2026-08-01T21:33:51.0911841+02:00" endTime="2026-08-01T21:33:51.0931036+02:00" testType="13cdc9d9-ddb5-4fa4-a97d-d965ccfc6d4b" outcome="Passed" testListId="8c84fa94-04c1-424b-9868-57a2d4851a1d" relativeResultsDirectory="ec36d059-6630-4b3f-88f0-5fa1fa2c1e25" />
    <UnitTestResult executionId="3b76b3f5-4ea5-4da0-a41f-c0782bcc1cde" testId="1c3c9f84-45ce-89ee-8692-412a1b8047b9" testName="Recommendation_ProjectSwitchRejectsOldProjectResult" computerName="CYBER-TOWER" duration="00:00:00.0929571" startTime="2026-08-01T21:33:50.9981287+02:00" endTime="2026-08-01T21:33:51.0911266+02:00" testType="13cdc9d9-ddb5-4fa4-a97d-d965ccfc6d4b" outcome="Passed" testListId="8c84fa94-04c1-424b-9868-57a2d4851a1d" relativeResultsDirectory="3b76b3f5-4ea5-4da0-a41f-c0782bcc1cde" />
    <UnitTestResult executionId="1cecc58c-69f9-4c19-9733-9129d33d4707" testId="13131d9b-ab8b-8c9a-a71c-e3322737c720" testName="SpectralAdapter_PreservesEveryGeneratedField" computerName="CYBER-TOWER" duration="00:00:00.0055660" startTime="2026-08-01T21:33:50.9002328+02:00" endTime="2026-08-01T21:33:50.9058215+02:00" testType="13cdc9d9-ddb5-4fa4-a97d-d965ccfc6d4b" outcome="Passed" testListId="8c84fa94-04c1-424b-9868-57a2d4851a1d" relativeResultsDirectory="1cecc58c-69f9-4c19-9733-9129d33d4707" />
    <UnitTestResult executionId="49c7b951-9558-4cf3-8af5-00251ff5dd72" testId="176f4b55-57bd-8c80-b546-52e355a2f3c3" testName="Save_WhenParentIsAFileReturnsWriteFailureWithoutFalseSuccess" computerName="CYBER-TOWER" duration="00:00:00.0011106" startTime="2026-08-01T21:33:50.8686858+02:00" endTime="2026-08-01T21:33:50.8698264+02:00" testType="13cdc9d9-ddb5-4fa4-a97d-d965ccfc6d4b" outcome="Passed" testListId="8c84fa94-04c1-424b-9868-57a2d4851a1d" relativeResultsDirectory="49c7b951-9558-4cf3-8af5-00251ff5dd72" />
    <UnitTestResult executionId="81c9d2ac-0801-4706-a6fd-c0f182fe4e5e" testId="171fc1bd-d16c-8f04-9423-ba3219dda602" testName="KeyboardTrim_RespectsSourcePreviousNextAndMinimumDuration" computerName="CYBER-TOWER" duration="00:00:00.0005364" startTime="2026-08-01T21:33:50.8938439+02:00" endTime="2026-08-01T21:33:50.8944070+02:00" testType="13cdc9d9-ddb5-4fa4-a97d-d965ccfc6d4b" outcome="Passed" testListId="8c84fa94-04c1-424b-9868-57a2d4851a1d" relativeResultsDirectory="81c9d2ac-0801-4706-a6fd-c0f182fe4e5e" />
    <UnitTestResult executionId="49a6a70e-ded5-4401-9555-f7398a4b962e" testId="18443503-bf65-8539-8c27-73cbd912230e" testName="Load_MalformedJsonReturnsTypedFailureAndDefaults" computerName="CYBER-TOWER" duration="00:00:00.0103733" startTime="2026-08-01T21:33:50.8393499+02:00" endTime="2026-08-01T21:33:50.8497429+02:00" testType="13cdc9d9-ddb5-4fa4-a97d-d965ccfc6d4b" outcome="Passed" testListId="8c84fa94-04c1-424b-9868-57a2d4851a1d" relativeResultsDirectory="49a6a70e-ded5-4401-9555-f7398a4b962e" />
    <UnitTestResult executionId="ca1a5c73-de6b-4aa4-929d-8f7ba5fafa6f" testId="1a78dc13-c09d-8a33-9498-a24acd37f9ee" testName="SettingsSaveFailure_NeverReportsSuccess" computerName="CYBER-TOWER" duration="00:00:00.0019584" startTime="2026-08-01T21:33:50.9142420+02:00" endTime="2026-08-01T21:33:50.9162188+02:00" testType="13cdc9d9-ddb5-4fa4-a97d-d965ccfc6d4b" outcome="Passed" testListId="8c84fa94-04c1-424b-9868-57a2d4851a1d" relativeResultsDirectory="ca1a5c73-de6b-4aa4-929d-8f7ba5fafa6f" />
    <UnitTestResult executionId="8992a084-c9d1-4a30-aa4a-a61dd2647a05" testId="1e0b4879-8097-8fd8-90ab-1b65cf703528" testName="ResultDtos_DeserializeNegativeBackendTruth" computerName="CYBER-TOWER" duration="00:00:00.0012597" startTime="2026-08-01T21:33:50.9067292+02:00" endTime="2026-08-01T21:33:50.9080121+02:00" testType="13cdc9d9-ddb5-4fa4-a97d-d965ccfc6d4b" outcome="Passed" testListId="8c84fa94-04c1-424b-9868-57a2d4851a1d" relativeResultsDirectory="8992a084-c9d1-4a30-aa4a-a61dd2647a05" />
    <UnitTestResult executionId="e597abaa-fae6-4128-a489-e881f2832a72" testId="19bcc3d4-434a-8ee4-9137-309bb2490b0f" testName="KeyboardNudge_ClampsAtAdjacentCutsAndPreservesDuration" computerName="CYBER-TOWER" duration="00:00:00.0055102" startTime="2026-08-01T21:33:50.8882899+02:00" endTime="2026-08-01T21:33:50.8938245+02:00" testType="13cdc9d9-ddb5-4fa4-a97d-d965ccfc6d4b" outcome="Passed" testListId="8c84fa94-04c1-424b-9868-57a2d4851a1d" relativeResultsDirectory="e597abaa-fae6-4128-a489-e881f2832a72" />
  </Results>
  <TestDefinitions>
    <UnitTest name="ChatClear_BackendFalsePreservesLocalMessages" storage="c:\users\david\appdata\local\temp\pb-studio-t407-64b8d61ecc5049e1bed6ee78eb5d2a79\checkout\pbstudio.ui.tests\bin\release\net9.0-windows\pbstudio.ui.tests.dll" id="10702632-f2dd-8da0-adcc-7ec6f6e64520">
      <Execution id="96d2c68a-7474-425c-95b7-c0c331ca28c3" />
      <TestMethod codeBase="C:\Users\david\AppData\Local\Temp\pb-studio-t407-64b8d61ecc5049e1bed6ee78eb5d2a79\checkout\PBStudio.UI.Tests\bin\Release\net9.0-windows\PBStudio.UI.Tests.dll" adapterTypeName="executor://mstestadapter/v4" className="PBStudio.UI.Tests.ViewModelAndProjectServiceTests" name="ChatClear_BackendFalsePreservesLocalMessages" />
    </UnitTest>
    <UnitTest name="ChatClear_BackendTrueReplacesHistoryWithFreshWelcome" storage="c:\users\david\appdata\local\temp\pb-studio-t407-64b8d61ecc5049e1bed6ee78eb5d2a79\checkout\pbstudio.ui.tests\bin\release\net9.0-windows\pbstudio.ui.tests.dll" id="1699e4fb-0790-80a8-a7f0-237d51f0ec22">
      <Execution id="ed64057f-a5e3-4b5a-a410-055a092d9362" />
      <TestMethod codeBase="C:\Users\david\AppData\Local\Temp\pb-studio-t407-64b8d61ecc5049e1bed6ee78eb5d2a79\checkout\PBStudio.UI.Tests\bin\Release\net9.0-windows\PBStudio.UI.Tests.dll" adapterTypeName="executor://mstestadapter/v4" className="PBStudio.UI.Tests.ViewModelAndProjectServiceTests" name="ChatClear_BackendTrueReplacesHistoryWithFreshWelcome" />
    </UnitTest>
    <UnitTest name="SettingsSaveFailure_NeverReportsSuccess" storage="c:\users\david\appdata\local\temp\pb-studio-t407-64b8d61ecc5049e1bed6ee78eb5d2a79\checkout\pbstudio.ui.tests\bin\release\net9.0-windows\pbstudio.ui.tests.dll" id="1a78dc13-c09d-8a33-9498-a24acd37f9ee">
      <Execution id="ca1a5c73-de6b-4aa4-929d-8f7ba5fafa6f" />
      <TestMethod codeBase="C:\Users\david\AppData\Local\Temp\pb-studio-t407-64b8d61ecc5049e1bed6ee78eb5d2a79\checkout\PBStudio.UI.Tests\bin\Release\net9.0-windows\PBStudio.UI.Tests.dll" adapterTypeName="executor://mstestadapter/v4" className="PBStudio.UI.Tests.ViewModelAndProjectServiceTests" name="SettingsSaveFailure_NeverReportsSuccess" />
    </UnitTest>
    <UnitTest name="SettingsLoadFailure_IsImmediatelyVisibleToViewModel" storage="c:\users\david\appdata\local\temp\pb-studio-t407-64b8d61ecc5049e1bed6ee78eb5d2a79\checkout\pbstudio.ui.tests\bin\release\net9.0-windows\pbstudio.ui.tests.dll" id="146b3c6a-d74b-8add-b2a1-51070661d9f2">
      <Execution id="c6c5ef64-fff3-471a-a94b-c42d3454b934" />
      <TestMethod codeBase="C:\Users\david\AppData\Local\Temp\pb-studio-t407-64b8d61ecc5049e1bed6ee78eb5d2a79\checkout\PBStudio.UI.Tests\bin\Release\net9.0-windows\PBStudio.UI.Tests.dll" adapterTypeName="executor://mstestadapter/v4" className="PBStudio.UI.Tests.ViewModelAndProjectServiceTests" name="SettingsLoadFailure_IsImmediatelyVisibleToViewModel" />
    </UnitTest>
    <UnitTest name="Recommendation_ProjectSwitchRejectsOldProjectResult" storage="c:\users\david\appdata\local\temp\pb-studio-t407-64b8d61ecc5049e1bed6ee78eb5d2a79\checkout\pbstudio.ui.tests\bin\release\net9.0-windows\pbstudio.ui.tests.dll" id="1c3c9f84-45ce-89ee-8692-412a1b8047b9">
      <Execution id="3b76b3f5-4ea5-4da0-a41f-c0782bcc1cde" />
      <TestMethod codeBase="C:\Users\david\AppData\Local\Temp\pb-studio-t407-64b8d61ecc5049e1bed6ee78eb5d2a79\checkout\PBStudio.UI.Tests\bin\Release\net9.0-windows\PBStudio.UI.Tests.dll" adapterTypeName="executor://mstestadapter/v4" className="PBStudio.UI.Tests.ViewModelAndProjectServiceTests" name="Recommendation_ProjectSwitchRejectsOldProjectResult" />
    </UnitTest>
    <UnitTest name="Save_WhenParentIsAFileReturnsWriteFailureWithoutFalseSuccess" storage="c:\users\david\appdata\local\temp\pb-studio-t407-64b8d61ecc5049e1bed6ee78eb5d2a79\checkout\pbstudio.ui.tests\bin\release\net9.0-windows\pbstudio.ui.tests.dll" id="176f4b55-57bd-8c80-b546-52e355a2f3c3">
      <Execution id="49c7b951-9558-4cf3-8af5-00251ff5dd72" />
      <TestMethod codeBase="C:\Users\david\AppData\Local\Temp\pb-studio-t407-64b8d61ecc5049e1bed6ee78eb5d2a79\checkout\PBStudio.UI.Tests\bin\Release\net9.0-windows\PBStudio.UI.Tests.dll" adapterTypeName="executor://mstestadapter/v4" className="PBStudio.UI.Tests.SettingsServiceTests" name="Save_WhenParentIsAFileReturnsWriteFailureWithoutFalseSuccess" />
    </UnitTest>
    <UnitTest name="CleanupGpu_DeserializesTypedNegativeResult" storage="c:\users\david\appdata\local\temp\pb-studio-t407-64b8d61ecc5049e1bed6ee78eb5d2a79\checkout\pbstudio.ui.tests\bin\release\net9.0-windows\pbstudio.ui.tests.dll" id="11b6c3b2-a8d9-8eca-87d6-da6c3a9ba6fa">
      <Execution id="9f5cc4cc-1120-4941-a6ae-4028990d3e7d" />
      <TestMethod codeBase="C:\Users\david\AppData\Local\Temp\pb-studio-t407-64b8d61ecc5049e1bed6ee78eb5d2a79\checkout\PBStudio.UI.Tests\bin\Release\net9.0-windows\PBStudio.UI.Tests.dll" adapterTypeName="executor://mstestadapter/v4" className="PBStudio.UI.Tests.ApiClientContractTests" name="CleanupGpu_DeserializesTypedNegativeResult" />
    </UnitTest>
    <UnitTest name="ResultDtos_DeserializeNegativeBackendTruth" storage="c:\users\david\appdata\local\temp\pb-studio-t407-64b8d61ecc5049e1bed6ee78eb5d2a79\checkout\pbstudio.ui.tests\bin\release\net9.0-windows\pbstudio.ui.tests.dll" id="1e0b4879-8097-8fd8-90ab-1b65cf703528">
      <Execution id="8992a084-c9d1-4a30-aa4a-a61dd2647a05" />
      <TestMethod codeBase="C:\Users\david\AppData\Local\Temp\pb-studio-t407-64b8d61ecc5049e1bed6ee78eb5d2a79\checkout\PBStudio.UI.Tests\bin\Release\net9.0-windows\PBStudio.UI.Tests.dll" adapterTypeName="executor://mstestadapter/v4" className="PBStudio.UI.Tests.TransportContractTests" name="ResultDtos_DeserializeNegativeBackendTruth" />
    </UnitTest>
    <UnitTest name="TimelinePreview_ForwardsCancellationToHttpRequest" storage="c:\users\david\appdata\local\temp\pb-studio-t407-64b8d61ecc5049e1bed6ee78eb5d2a79\checkout\pbstudio.ui.tests\bin\release\net9.0-windows\pbstudio.ui.tests.dll" id="1092c592-39b4-82f8-a9fb-f180cc3abafa">
      <Execution id="992206b7-deb3-4ff2-aa18-969ad5eaa9fb" />
      <TestMethod codeBase="C:\Users\david\AppData\Local\Temp\pb-studio-t407-64b8d61ecc5049e1bed6ee78eb5d2a79\checkout\PBStudio.UI.Tests\bin\Release\net9.0-windows\PBStudio.UI.Tests.dll" adapterTypeName="executor://mstestadapter/v4" className="PBStudio.UI.Tests.ApiClientContractTests" name="TimelinePreview_ForwardsCancellationToHttpRequest" />
    </UnitTest>
    <UnitTest name="RepeatedTemplateReapply_PreservesContentIdentity" storage="c:\users\david\appdata\local\temp\pb-studio-t407-64b8d61ecc5049e1bed6ee78eb5d2a79\checkout\pbstudio.ui.tests\bin\release\net9.0-windows\pbstudio.ui.tests.dll" id="1df6034f-075e-87e6-a427-99dbc9c7e266">
      <Execution id="3a6ed8b2-f352-4427-a274-3abcbeae3e7a" />
      <TestMethod codeBase="C:\Users\david\AppData\Local\Temp\pb-studio-t407-64b8d61ecc5049e1bed6ee78eb5d2a79\checkout\PBStudio.UI.Tests\bin\Release\net9.0-windows\PBStudio.UI.Tests.dll" adapterTypeName="executor://mstestadapter/v4" className="PBStudio.UI.Tests.CachedTabControlTests" name="RepeatedTemplateReapply_PreservesContentIdentity" />
    </UnitTest>
    <UnitTest name="Load_MissingFileIsSuccessfulFirstStart" storage="c:\users\david\appdata\local\temp\pb-studio-t407-64b8d61ecc5049e1bed6ee78eb5d2a79\checkout\pbstudio.ui.tests\bin\release\net9.0-windows\pbstudio.ui.tests.dll" id="16f21dcd-f38b-852e-a24d-29dc52e3b8ce">
      <Execution id="243b762a-4fc8-4b93-bb81-39f7ac4a82d8" />
      <TestMethod codeBase="C:\Users\david\AppData\Local\Temp\pb-studio-t407-64b8d61ecc5049e1bed6ee78eb5d2a79\checkout\PBStudio.UI.Tests\bin\Release\net9.0-windows\PBStudio.UI.Tests.dll" adapterTypeName="executor://mstestadapter/v4" className="PBStudio.UI.Tests.SettingsServiceTests" name="Load_MissingFileIsSuccessfulFirstStart" />
    </UnitTest>
    <UnitTest name="AudioAdapter_PreservesGeneratedPartialResultAndEvidence" storage="c:\users\david\appdata\local\temp\pb-studio-t407-64b8d61ecc5049e1bed6ee78eb5d2a79\checkout\pbstudio.ui.tests\bin\release\net9.0-windows\pbstudio.ui.tests.dll" id="1e7b904e-1df8-8ef5-accb-8734c6ceb696">
      <Execution id="b956dbb7-2d0a-4a5b-abc5-306e071bb17d" />
      <TestMethod codeBase="C:\Users\david\AppData\Local\Temp\pb-studio-t407-64b8d61ecc5049e1bed6ee78eb5d2a79\checkout\PBStudio.UI.Tests\bin\Release\net9.0-windows\PBStudio.UI.Tests.dll" adapterTypeName="executor://mstestadapter/v4" className="PBStudio.UI.Tests.TransportContractTests" name="AudioAdapter_PreservesGeneratedPartialResultAndEvidence" />
    </UnitTest>
    <UnitTest name="TemplateReapply_ReparentsExistingPresentersExactlyOnce" storage="c:\users\david\appdata\local\temp\pb-studio-t407-64b8d61ecc5049e1bed6ee78eb5d2a79\checkout\pbstudio.ui.tests\bin\release\net9.0-windows\pbstudio.ui.tests.dll" id="1c07e79d-2f02-82ef-83d6-964f11b01e05">
      <Execution id="8bc29403-b9b0-4774-8944-4395cd03b152" />
      <TestMethod codeBase="C:\Users\david\AppData\Local\Temp\pb-studio-t407-64b8d61ecc5049e1bed6ee78eb5d2a79\checkout\PBStudio.UI.Tests\bin\Release\net9.0-windows\PBStudio.UI.Tests.dll" adapterTypeName="executor://mstestadapter/v4" className="PBStudio.UI.Tests.CachedTabControlTests" name="TemplateReapply_ReparentsExistingPresentersExactlyOnce" />
    </UnitTest>
    <UnitTest name="Load_MalformedJsonReturnsTypedFailureAndDefaults" storage="c:\users\david\appdata\local\temp\pb-studio-t407-64b8d61ecc5049e1bed6ee78eb5d2a79\checkout\pbstudio.ui.tests\bin\release\net9.0-windows\pbstudio.ui.tests.dll" id="18443503-bf65-8539-8c27-73cbd912230e">
      <Execution id="49a6a70e-ded5-4401-9555-f7398a4b962e" />
      <TestMethod codeBase="C:\Users\david\AppData\Local\Temp\pb-studio-t407-64b8d61ecc5049e1bed6ee78eb5d2a79\checkout\PBStudio.UI.Tests\bin\Release\net9.0-windows\PBStudio.UI.Tests.dll" adapterTypeName="executor://mstestadapter/v4" className="PBStudio.UI.Tests.SettingsServiceTests" name="Load_MalformedJsonReturnsTypedFailureAndDefaults" />
    </UnitTest>
    <UnitTest name="ProjectSwitch_InvalidatesCapturedOperationContext" storage="c:\users\david\appdata\local\temp\pb-studio-t407-64b8d61ecc5049e1bed6ee78eb5d2a79\checkout\pbstudio.ui.tests\bin\release\net9.0-windows\pbstudio.ui.tests.dll" id="1e7225f8-8d08-841a-9b1e-a7e584982326">
      <Execution id="a9ee7a47-5a19-4581-b71d-ac50837d71e2" />
      <TestMethod codeBase="C:\Users\david\AppData\Local\Temp\pb-studio-t407-64b8d61ecc5049e1bed6ee78eb5d2a79\checkout\PBStudio.UI.Tests\bin\Release\net9.0-windows\PBStudio.UI.Tests.dll" adapterTypeName="executor://mstestadapter/v4" className="PBStudio.UI.Tests.ViewModelAndProjectServiceTests" name="ProjectSwitch_InvalidatesCapturedOperationContext" />
    </UnitTest>
    <UnitTest name="UnsafeKeyboardRemoval_DoesNotMutateTimeline" storage="c:\users\david\appdata\local\temp\pb-studio-t407-64b8d61ecc5049e1bed6ee78eb5d2a79\checkout\pbstudio.ui.tests\bin\release\net9.0-windows\pbstudio.ui.tests.dll" id="10faa58a-2ebe-8edb-8fd6-40e718b73675">
      <Execution id="ee51511f-d2aa-46cf-a6d2-4a8c8a15a8eb" />
      <TestMethod codeBase="C:\Users\david\AppData\Local\Temp\pb-studio-t407-64b8d61ecc5049e1bed6ee78eb5d2a79\checkout\PBStudio.UI.Tests\bin\Release\net9.0-windows\PBStudio.UI.Tests.dll" adapterTypeName="executor://mstestadapter/v4" className="PBStudio.UI.Tests.TimelineViewModelTests" name="UnsafeKeyboardRemoval_DoesNotMutateTimeline" />
    </UnitTest>
    <UnitTest name="KeyboardSelectionAndScrub_UseTimelineOrderAndClampBounds" storage="c:\users\david\appdata\local\temp\pb-studio-t407-64b8d61ecc5049e1bed6ee78eb5d2a79\checkout\pbstudio.ui.tests\bin\release\net9.0-windows\pbstudio.ui.tests.dll" id="1e9b7ca6-40ab-8bc5-9ca0-a99118e22657">
      <Execution id="4ce8fd30-4c76-4b49-934a-e3b58d9b6461" />
      <TestMethod codeBase="C:\Users\david\AppData\Local\Temp\pb-studio-t407-64b8d61ecc5049e1bed6ee78eb5d2a79\checkout\PBStudio.UI.Tests\bin\Release\net9.0-windows\PBStudio.UI.Tests.dll" adapterTypeName="executor://mstestadapter/v4" className="PBStudio.UI.Tests.TimelineViewModelTests" name="KeyboardSelectionAndScrub_UseTimelineOrderAndClampBounds" />
    </UnitTest>
    <UnitTest name="Recommendation_LateOlderModeCannotReplaceCurrentMode" storage="c:\users\david\appdata\local\temp\pb-studio-t407-64b8d61ecc5049e1bed6ee78eb5d2a79\checkout\pbstudio.ui.tests\bin\release\net9.0-windows\pbstudio.ui.tests.dll" id="161fa28a-9149-8f48-8d0e-034dd26869ba">
      <Execution id="394c6c2a-a87c-43b5-b85d-b3be324263ee" />
      <TestMethod codeBase="C:\Users\david\AppData\Local\Temp\pb-studio-t407-64b8d61ecc5049e1bed6ee78eb5d2a79\checkout\PBStudio.UI.Tests\bin\Release\net9.0-windows\PBStudio.UI.Tests.dll" adapterTypeName="executor://mstestadapter/v4" className="PBStudio.UI.Tests.ViewModelAndProjectServiceTests" name="Recommendation_LateOlderModeCannotReplaceCurrentMode" />
    </UnitTest>
    <UnitTest name="SpectralAdapter_PreservesEveryGeneratedField" storage="c:\users\david\appdata\local\temp\pb-studio-t407-64b8d61ecc5049e1bed6ee78eb5d2a79\checkout\pbstudio.ui.tests\bin\release\net9.0-windows\pbstudio.ui.tests.dll" id="13131d9b-ab8b-8c9a-a71c-e3322737c720">
      <Execution id="1cecc58c-69f9-4c19-9733-9129d33d4707" />
      <TestMethod codeBase="C:\Users\david\AppData\Local\Temp\pb-studio-t407-64b8d61ecc5049e1bed6ee78eb5d2a79\checkout\PBStudio.UI.Tests\bin\Release\net9.0-windows\PBStudio.UI.Tests.dll" adapterTypeName="executor://mstestadapter/v4" className="PBStudio.UI.Tests.TransportContractTests" name="SpectralAdapter_PreservesEveryGeneratedField" />
    </UnitTest>
    <UnitTest name="Save_AtomicallyPersistsAndVerifiesCurrentSettings" storage="c:\users\david\appdata\local\temp\pb-studio-t407-64b8d61ecc5049e1bed6ee78eb5d2a79\checkout\pbstudio.ui.tests\bin\release\net9.0-windows\pbstudio.ui.tests.dll" id="1ada28c6-f1e8-84c0-a31d-99f279d33662">
      <Execution id="a503d92b-1858-4da2-ab3a-cb465b2b1198" />
      <TestMethod codeBase="C:\Users\david\AppData\Local\Temp\pb-studio-t407-64b8d61ecc5049e1bed6ee78eb5d2a79\checkout\PBStudio.UI.Tests\bin\Release\net9.0-windows\PBStudio.UI.Tests.dll" adapterTypeName="executor://mstestadapter/v4" className="PBStudio.UI.Tests.SettingsServiceTests" name="Save_AtomicallyPersistsAndVerifiesCurrentSettings" />
    </UnitTest>
    <UnitTest name="ProjectSaveAndClose_NegativeResultsPreserveProject" storage="c:\users\david\appdata\local\temp\pb-studio-t407-64b8d61ecc5049e1bed6ee78eb5d2a79\checkout\pbstudio.ui.tests\bin\release\net9.0-windows\pbstudio.ui.tests.dll" id="16cce8db-499b-8ad9-8877-1fef604aa4a8">
      <Execution id="ec36d059-6630-4b3f-88f0-5fa1fa2c1e25" />
      <TestMethod codeBase="C:\Users\david\AppData\Local\Temp\pb-studio-t407-64b8d61ecc5049e1bed6ee78eb5d2a79\checkout\PBStudio.UI.Tests\bin\Release\net9.0-windows\PBStudio.UI.Tests.dll" adapterTypeName="executor://mstestadapter/v4" className="PBStudio.UI.Tests.ViewModelAndProjectServiceTests" name="ProjectSaveAndClose_NegativeResultsPreserveProject" />
    </UnitTest>
    <UnitTest name="ClearChatHistory_SuccessStatusReturnsTrue" storage="c:\users\david\appdata\local\temp\pb-studio-t407-64b8d61ecc5049e1bed6ee78eb5d2a79\checkout\pbstudio.ui.tests\bin\release\net9.0-windows\pbstudio.ui.tests.dll" id="1889a283-8b09-8259-baa6-75b788ebec51">
      <Execution id="20be6136-d470-43f9-97c2-9d4422ca242a" />
      <TestMethod codeBase="C:\Users\david\AppData\Local\Temp\pb-studio-t407-64b8d61ecc5049e1bed6ee78eb5d2a79\checkout\PBStudio.UI.Tests\bin\Release\net9.0-windows\PBStudio.UI.Tests.dll" adapterTypeName="executor://mstestadapter/v4" className="PBStudio.UI.Tests.ApiClientContractTests" name="ClearChatHistory_SuccessStatusReturnsTrue" />
    </UnitTest>
    <UnitTest name="ClearChatHistory_NonSuccessStatusReturnsFalse" storage="c:\users\david\appdata\local\temp\pb-studio-t407-64b8d61ecc5049e1bed6ee78eb5d2a79\checkout\pbstudio.ui.tests\bin\release\net9.0-windows\pbstudio.ui.tests.dll" id="1ca307a7-cbd5-866d-a5f0-a1eff7e24943">
      <Execution id="8f7b3012-6d14-42f6-b4c3-782ba9edf116" />
      <TestMethod codeBase="C:\Users\david\AppData\Local\Temp\pb-studio-t407-64b8d61ecc5049e1bed6ee78eb5d2a79\checkout\PBStudio.UI.Tests\bin\Release\net9.0-windows\PBStudio.UI.Tests.dll" adapterTypeName="executor://mstestadapter/v4" className="PBStudio.UI.Tests.ApiClientContractTests" name="ClearChatHistory_NonSuccessStatusReturnsFalse" />
    </UnitTest>
    <UnitTest name="SortEntriesByTime_PreservesSelectedEntryIdentity" storage="c:\users\david\appdata\local\temp\pb-studio-t407-64b8d61ecc5049e1bed6ee78eb5d2a79\checkout\pbstudio.ui.tests\bin\release\net9.0-windows\pbstudio.ui.tests.dll" id="1bf592ee-a015-81d6-aa92-c566798b88cd">
      <Execution id="3aa14b02-c07f-44f6-8c31-0295a3388e91" />
      <TestMethod codeBase="C:\Users\david\AppData\Local\Temp\pb-studio-t407-64b8d61ecc5049e1bed6ee78eb5d2a79\checkout\PBStudio.UI.Tests\bin\Release\net9.0-windows\PBStudio.UI.Tests.dll" adapterTypeName="executor://mstestadapter/v4" className="PBStudio.UI.Tests.TimelineViewModelTests" name="SortEntriesByTime_PreservesSelectedEntryIdentity" />
    </UnitTest>
    <UnitTest name="SingleVramAdapter_ProducesOneModelSnapshotWithoutShapeDrift" storage="c:\users\david\appdata\local\temp\pb-studio-t407-64b8d61ecc5049e1bed6ee78eb5d2a79\checkout\pbstudio.ui.tests\bin\release\net9.0-windows\pbstudio.ui.tests.dll" id="137ffbe6-67d1-8855-adf6-db28164fc61c">
      <Execution id="7f7847fa-a290-477c-8bea-0603b90bce02" />
      <TestMethod codeBase="C:\Users\david\AppData\Local\Temp\pb-studio-t407-64b8d61ecc5049e1bed6ee78eb5d2a79\checkout\PBStudio.UI.Tests\bin\Release\net9.0-windows\PBStudio.UI.Tests.dll" adapterTypeName="executor://mstestadapter/v4" className="PBStudio.UI.Tests.TransportContractTests" name="SingleVramAdapter_ProducesOneModelSnapshotWithoutShapeDrift" />
    </UnitTest>
    <UnitTest name="GpuCleanup_BackendFailureNeverReportsCompletion" storage="c:\users\david\appdata\local\temp\pb-studio-t407-64b8d61ecc5049e1bed6ee78eb5d2a79\checkout\pbstudio.ui.tests\bin\release\net9.0-windows\pbstudio.ui.tests.dll" id="159b432a-ce9d-8194-ade1-a156b5c8b926">
      <Execution id="4ee40b35-d62a-4d22-aeb3-fd1ad9dd2546" />
      <TestMethod codeBase="C:\Users\david\AppData\Local\Temp\pb-studio-t407-64b8d61ecc5049e1bed6ee78eb5d2a79\checkout\PBStudio.UI.Tests\bin\Release\net9.0-windows\PBStudio.UI.Tests.dll" adapterTypeName="executor://mstestadapter/v4" className="PBStudio.UI.Tests.ViewModelAndProjectServiceTests" name="GpuCleanup_BackendFailureNeverReportsCompletion" />
    </UnitTest>
    <UnitTest name="KeyboardNudge_ClampsAtAdjacentCutsAndPreservesDuration" storage="c:\users\david\appdata\local\temp\pb-studio-t407-64b8d61ecc5049e1bed6ee78eb5d2a79\checkout\pbstudio.ui.tests\bin\release\net9.0-windows\pbstudio.ui.tests.dll" id="19bcc3d4-434a-8ee4-9137-309bb2490b0f">
      <Execution id="e597abaa-fae6-4128-a489-e881f2832a72" />
      <TestMethod codeBase="C:\Users\david\AppData\Local\Temp\pb-studio-t407-64b8d61ecc5049e1bed6ee78eb5d2a79\checkout\PBStudio.UI.Tests\bin\Release\net9.0-windows\PBStudio.UI.Tests.dll" adapterTypeName="executor://mstestadapter/v4" className="PBStudio.UI.Tests.TimelineViewModelTests" name="KeyboardNudge_ClampsAtAdjacentCutsAndPreservesDuration" />
    </UnitTest>
    <UnitTest name="KeyboardTrim_RespectsSourcePreviousNextAndMinimumDuration" storage="c:\users\david\appdata\local\temp\pb-studio-t407-64b8d61ecc5049e1bed6ee78eb5d2a79\checkout\pbstudio.ui.tests\bin\release\net9.0-windows\pbstudio.ui.tests.dll" id="171fc1bd-d16c-8f04-9423-ba3219dda602">
      <Execution id="81c9d2ac-0801-4706-a6fd-c0f182fe4e5e" />
      <TestMethod codeBase="C:\Users\david\AppData\Local\Temp\pb-studio-t407-64b8d61ecc5049e1bed6ee78eb5d2a79\checkout\PBStudio.UI.Tests\bin\Release\net9.0-windows\PBStudio.UI.Tests.dll" adapterTypeName="executor://mstestadapter/v4" className="PBStudio.UI.Tests.TimelineViewModelTests" name="KeyboardTrim_RespectsSourcePreviousNextAndMinimumDuration" />
    </UnitTest>
  </TestDefinitions>
  <TestEntries>
    <TestEntry testId="1df6034f-075e-87e6-a427-99dbc9c7e266" executionId="3a6ed8b2-f352-4427-a274-3abcbeae3e7a" testListId="8c84fa94-04c1-424b-9868-57a2d4851a1d" />
    <TestEntry testId="161fa28a-9149-8f48-8d0e-034dd26869ba" executionId="394c6c2a-a87c-43b5-b85d-b3be324263ee" testListId="8c84fa94-04c1-424b-9868-57a2d4851a1d" />
    <TestEntry testId="1bf592ee-a015-81d6-aa92-c566798b88cd" executionId="3aa14b02-c07f-44f6-8c31-0295a3388e91" testListId="8c84fa94-04c1-424b-9868-57a2d4851a1d" />
    <TestEntry testId="159b432a-ce9d-8194-ade1-a156b5c8b926" executionId="4ee40b35-d62a-4d22-aeb3-fd1ad9dd2546" testListId="8c84fa94-04c1-424b-9868-57a2d4851a1d" />
    <TestEntry testId="10faa58a-2ebe-8edb-8fd6-40e718b73675" executionId="ee51511f-d2aa-46cf-a6d2-4a8c8a15a8eb" testListId="8c84fa94-04c1-424b-9868-57a2d4851a1d" />
    <TestEntry testId="1e9b7ca6-40ab-8bc5-9ca0-a99118e22657" executionId="4ce8fd30-4c76-4b49-934a-e3b58d9b6461" testListId="8c84fa94-04c1-424b-9868-57a2d4851a1d" />
    <TestEntry testId="11b6c3b2-a8d9-8eca-87d6-da6c3a9ba6fa" executionId="9f5cc4cc-1120-4941-a6ae-4028990d3e7d" testListId="8c84fa94-04c1-424b-9868-57a2d4851a1d" />
    <TestEntry testId="1889a283-8b09-8259-baa6-75b788ebec51" executionId="20be6136-d470-43f9-97c2-9d4422ca242a" testListId="8c84fa94-04c1-424b-9868-57a2d4851a1d" />
    <TestEntry testId="1ca307a7-cbd5-866d-a5f0-a1eff7e24943" executionId="8f7b3012-6d14-42f6-b4c3-782ba9edf116" testListId="8c84fa94-04c1-424b-9868-57a2d4851a1d" />
    <TestEntry testId="146b3c6a-d74b-8add-b2a1-51070661d9f2" executionId="c6c5ef64-fff3-471a-a94b-c42d3454b934" testListId="8c84fa94-04c1-424b-9868-57a2d4851a1d" />
    <TestEntry testId="1092c592-39b4-82f8-a9fb-f180cc3abafa" executionId="992206b7-deb3-4ff2-aa18-969ad5eaa9fb" testListId="8c84fa94-04c1-424b-9868-57a2d4851a1d" />
    <TestEntry testId="137ffbe6-67d1-8855-adf6-db28164fc61c" executionId="7f7847fa-a290-477c-8bea-0603b90bce02" testListId="8c84fa94-04c1-424b-9868-57a2d4851a1d" />
    <TestEntry testId="1ada28c6-f1e8-84c0-a31d-99f279d33662" executionId="a503d92b-1858-4da2-ab3a-cb465b2b1198" testListId="8c84fa94-04c1-424b-9868-57a2d4851a1d" />
    <TestEntry testId="1e7225f8-8d08-841a-9b1e-a7e584982326" executionId="a9ee7a47-5a19-4581-b71d-ac50837d71e2" testListId="8c84fa94-04c1-424b-9868-57a2d4851a1d" />
    <TestEntry testId="16f21dcd-f38b-852e-a24d-29dc52e3b8ce" executionId="243b762a-4fc8-4b93-bb81-39f7ac4a82d8" testListId="8c84fa94-04c1-424b-9868-57a2d4851a1d" />
    <TestEntry testId="1c07e79d-2f02-82ef-83d6-964f11b01e05" executionId="8bc29403-b9b0-4774-8944-4395cd03b152" testListId="8c84fa94-04c1-424b-9868-57a2d4851a1d" />
    <TestEntry testId="10702632-f2dd-8da0-adcc-7ec6f6e64520" executionId="96d2c68a-7474-425c-95b7-c0c331ca28c3" testListId="8c84fa94-04c1-424b-9868-57a2d4851a1d" />
    <TestEntry testId="1699e4fb-0790-80a8-a7f0-237d51f0ec22" executionId="ed64057f-a5e3-4b5a-a410-055a092d9362" testListId="8c84fa94-04c1-424b-9868-57a2d4851a1d" />
    <TestEntry testId="1e7b904e-1df8-8ef5-accb-8734c6ceb696" executionId="b956dbb7-2d0a-4a5b-abc5-306e071bb17d" testListId="8c84fa94-04c1-424b-9868-57a2d4851a1d" />
    <TestEntry testId="16cce8db-499b-8ad9-8877-1fef604aa4a8" executionId="ec36d059-6630-4b3f-88f0-5fa1fa2c1e25" testListId="8c84fa94-04c1-424b-9868-57a2d4851a1d" />
    <TestEntry testId="1c3c9f84-45ce-89ee-8692-412a1b8047b9" executionId="3b76b3f5-4ea5-4da0-a41f-c0782bcc1cde" testListId="8c84fa94-04c1-424b-9868-57a2d4851a1d" />
    <TestEntry testId="13131d9b-ab8b-8c9a-a71c-e3322737c720" executionId="1cecc58c-69f9-4c19-9733-9129d33d4707" testListId="8c84fa94-04c1-424b-9868-57a2d4851a1d" />
    <TestEntry testId="176f4b55-57bd-8c80-b546-52e355a2f3c3" executionId="49c7b951-9558-4cf3-8af5-00251ff5dd72" testListId="8c84fa94-04c1-424b-9868-57a2d4851a1d" />
    <TestEntry testId="171fc1bd-d16c-8f04-9423-ba3219dda602" executionId="81c9d2ac-0801-4706-a6fd-c0f182fe4e5e" testListId="8c84fa94-04c1-424b-9868-57a2d4851a1d" />
    <TestEntry testId="18443503-bf65-8539-8c27-73cbd912230e" executionId="49a6a70e-ded5-4401-9555-f7398a4b962e" testListId="8c84fa94-04c1-424b-9868-57a2d4851a1d" />
    <TestEntry testId="1a78dc13-c09d-8a33-9498-a24acd37f9ee" executionId="ca1a5c73-de6b-4aa4-929d-8f7ba5fafa6f" testListId="8c84fa94-04c1-424b-9868-57a2d4851a1d" />
    <TestEntry testId="1e0b4879-8097-8fd8-90ab-1b65cf703528" executionId="8992a084-c9d1-4a30-aa4a-a61dd2647a05" testListId="8c84fa94-04c1-424b-9868-57a2d4851a1d" />
    <TestEntry testId="19bcc3d4-434a-8ee4-9137-309bb2490b0f" executionId="e597abaa-fae6-4128-a489-e881f2832a72" testListId="8c84fa94-04c1-424b-9868-57a2d4851a1d" />
  </TestEntries>
  <TestLists>
    <TestList name="Ergebnisse nicht in einer Liste" id="8c84fa94-04c1-424b-9868-57a2d4851a1d" />
    <TestList name="Alle geladenen Ergebnisse" id="19431567-8539-422a-85d7-44ee4e166bda" />
  </TestLists>
  <ResultSummary outcome="Completed">
    <Counters total="28" executed="28" passed="28" failed="0" error="0" timeout="0" aborted="0" inconclusive="0" passedButRunAborted="0" notRunnable="0" notExecuted="0" disconnected="0" warning="0" completed="0" inProgress="0" pending="0" />
  </ResultSummary>
</TestRun>